###############################################################################
#
# IAR ELF Linker V9.20.1.318/W64 for ARM                  05/Feb/2024  11:25:13
# Copyright 2007-2021 IAR Systems AB.
#
#    Output file  =  VisualGDB/Debug/MyMQTTProject
#    Map file     =  VisualGDB/Debug/MyMQTTProject.map
#    Command line =
#        -f VisualGDB/Debug/MyMQTTProject.link.rsp (-o
#        VisualGDB/Debug/MyMQTTProject --no_out_extension --vfe --entry
#        __iar_program_start --text_out locale --silent --config
#        D:/PDF/Prog/MyMQTTPoject/EWARM/stm32f103xb_flash.icf --semihosting
#        --map VisualGDB/Debug/MyMQTTProject.map
#        VisualGDB/Debug/_3_/MyLibraries/DHCP/dhcp.o
#        VisualGDB/Debug/_3_/MyLibraries/DNS/dns.o
#        VisualGDB/Debug/_3_/MyLibraries/GlobalDefault.o
#        VisualGDB/Debug/_3_/MyLibraries/MQTTDrive.o
#        VisualGDB/Debug/_3_/MyLibraries/MQTT/MQTTClient.o
#        VisualGDB/Debug/_3_/MyLibraries/MQTT/MQTTPacket/src/MQTTConnectClient.o
#        VisualGDB/Debug/_3_/MyLibraries/MQTT/MQTTPacket/src/MQTTConnectServer.o
#        VisualGDB/Debug/_3_/MyLibraries/MQTT/MQTTPacket/src/MQTTDeserializePublish.o
#        VisualGDB/Debug/_3_/MyLibraries/MQTT/MQTTPacket/src/MQTTFormat.o
#        VisualGDB/Debug/_3_/MyLibraries/MQTT/MQTTPacket/src/MQTTPacket.o
#        VisualGDB/Debug/_3_/MyLibraries/MQTT/MQTTPacket/src/MQTTSerializePublish.o
#        VisualGDB/Debug/_3_/MyLibraries/MQTT/MQTTPacket/src/MQTTSubscribeClient.o
#        VisualGDB/Debug/_3_/MyLibraries/MQTT/MQTTPacket/src/MQTTSubscribeServer.o
#        VisualGDB/Debug/_3_/MyLibraries/MQTT/MQTTPacket/src/MQTTUnsubscribeClient.o
#        VisualGDB/Debug/_3_/MyLibraries/MQTT/MQTTPacket/src/MQTTUnsubscribeServer.o
#        VisualGDB/Debug/_3_/MyLibraries/MQTT/mqtt_interface.o
#        VisualGDB/Debug/_3_/MyLibraries/W5500/socket.o
#        VisualGDB/Debug/_3_/MyLibraries/W5500/w5500.o
#        VisualGDB/Debug/_3_/MyLibraries/W5500/wizchip_conf.o
#        VisualGDB/Debug/_2_/Src/main.o VisualGDB/Debug/_2_/Src/freertos.o
#        VisualGDB/Debug/_2_/Src/stm32f1xx_it.o
#        VisualGDB/Debug/_2_/Src/stm32f1xx_hal_msp.o
#        VisualGDB/Debug/_2_/Src/stm32f1xx_hal_timebase_tim.o
#        VisualGDB/Debug/_2_/Drivers/STM32F1xx_HAL_Driver/Src/stm32f1xx_hal_gpio_ex.o
#        VisualGDB/Debug/_2_/Drivers/STM32F1xx_HAL_Driver/Src/stm32f1xx_hal.o
#        VisualGDB/Debug/_2_/Drivers/STM32F1xx_HAL_Driver/Src/stm32f1xx_hal_rcc.o
#        VisualGDB/Debug/_2_/Drivers/STM32F1xx_HAL_Driver/Src/stm32f1xx_hal_rcc_ex.o
#        VisualGDB/Debug/_2_/Drivers/STM32F1xx_HAL_Driver/Src/stm32f1xx_hal_gpio.o
#        VisualGDB/Debug/_2_/Drivers/STM32F1xx_HAL_Driver/Src/stm32f1xx_hal_dma.o
#        VisualGDB/Debug/_2_/Drivers/STM32F1xx_HAL_Driver/Src/stm32f1xx_hal_cortex.o
#        VisualGDB/Debug/_2_/Drivers/STM32F1xx_HAL_Driver/Src/stm32f1xx_hal_pwr.o
#        VisualGDB/Debug/_2_/Drivers/STM32F1xx_HAL_Driver/Src/stm32f1xx_hal_flash.o
#        VisualGDB/Debug/_2_/Drivers/STM32F1xx_HAL_Driver/Src/stm32f1xx_hal_flash_ex.o
#        VisualGDB/Debug/_2_/Drivers/STM32F1xx_HAL_Driver/Src/stm32f1xx_hal_exti.o
#        VisualGDB/Debug/_2_/Drivers/STM32F1xx_HAL_Driver/Src/stm32f1xx_hal_spi.o
#        VisualGDB/Debug/_2_/Drivers/STM32F1xx_HAL_Driver/Src/stm32f1xx_hal_tim.o
#        VisualGDB/Debug/_2_/Drivers/STM32F1xx_HAL_Driver/Src/stm32f1xx_hal_tim_ex.o
#        VisualGDB/Debug/_2_/Drivers/STM32F1xx_HAL_Driver/Src/stm32f1xx_hal_uart.o
#        VisualGDB/Debug/_2_/Src/system_stm32f1xx.o
#        VisualGDB/Debug/_2_/Middlewares/Third_Party/FreeRTOS/Source/croutine.o
#        VisualGDB/Debug/_2_/Middlewares/Third_Party/FreeRTOS/Source/event_groups.o
#        VisualGDB/Debug/_2_/Middlewares/Third_Party/FreeRTOS/Source/list.o
#        VisualGDB/Debug/_2_/Middlewares/Third_Party/FreeRTOS/Source/queue.o
#        VisualGDB/Debug/_2_/Middlewares/Third_Party/FreeRTOS/Source/stream_buffer.o
#        VisualGDB/Debug/_2_/Middlewares/Third_Party/FreeRTOS/Source/tasks.o
#        VisualGDB/Debug/_2_/Middlewares/Third_Party/FreeRTOS/Source/timers.o
#        VisualGDB/Debug/_2_/Middlewares/Third_Party/FreeRTOS/Source/CMSIS_RTOS_V2/cmsis_os2.o
#        VisualGDB/Debug/_2_/Middlewares/Third_Party/FreeRTOS/Source/portable/MemMang/heap_4.o
#        VisualGDB/Debug/_2_/Middlewares/Third_Party/FreeRTOS/Source/portable/IAR/ARM_CM3/port.o
#        VisualGDB/Debug/_2_/EWARM/startup_stm32f103xb.o
#        VisualGDB/Debug/_2_/Middlewares/Third_Party/FreeRTOS/Source/portable/IAR/ARM_CM3/portasm.o)
#
###############################################################################

*******************************************************************************
*** RUNTIME MODEL ATTRIBUTES
***

CppFlavor       = *
__CPP_Runtime   = 1
__SystemLibrary = DLib
__dlib_version  = 6


*******************************************************************************
*** HEAP SELECTION
***

The basic heap was selected because no calls to memory allocation
functions were found in the application outside of system library
functions, and there are calls to deallocation functions in the
application.


*******************************************************************************
*** PLACEMENT SUMMARY
***

"A0":  place at address 0x800'0000 { ro section .intvec };
"P1":  place in [from 0x800'0000 to 0x801'ffff] { ro };
define block CSTACK with size = 1K, alignment = 8 { };
define block HEAP with size = 512, alignment = 8 { };
"P2":  place in [from 0x2000'0000 to 0x2000'4fff] {
          rw, block CSTACK, block HEAP };
initialize by copy { rw };

  Section            Kind         Address    Size  Object
  -------            ----         -------    ----  ------
"A0":                                        0xec
  .intvec            ro code   0x800'0000    0xec  startup_stm32f103xb.o [2]
                             - 0x800'00ec    0xec

"P1":                                      0xa302
  .text              ro code   0x800'00ec  0x1148  dhcp.o [9]
  .text              ro code   0x800'1234   0x4aa  w5500.o [13]
  .text              ro code   0x800'16de    0x3a  packbits_init_single.o [16]
  .text              ro code   0x800'1718   0xcd0  socket.o [13]
  .text              ro code   0x800'23e8    0x14  memset.o [16]
  .text              ro code   0x800'23fc    0x66  ABImemset.o [16]
  .text              ro code   0x800'2462     0xa  xsprout.o [14]
  .text              ro code   0x800'246c   0xf12  xprintffull_nomb.o [14]
  .rodata            const     0x800'337e     0x2  stm32f1xx_hal_rcc.o [1]
  .text              ro code   0x800'3380    0x16  strchr.o [16]
  .text              ro code   0x800'3398    0x40  xfail_s.o [14]
  .text              ro code   0x800'33d8    0x36  strlen.o [16]
  .text              ro code   0x800'3410    0x58  memchr.o [16]
  .text              ro code   0x800'3468    0xa6  ABImemcpy.o [16]
  .text              ro code   0x800'3510    0x70  frexp.o [15]
  .text              ro code   0x800'3580    0x34  DblCmpLe.o [15]
  .text              ro code   0x800'35b4    0x34  DblCmpGe.o [15]
  .text              ro code   0x800'35e8   0x13a  ldexp.o [15]
  .text              ro code   0x800'3724    0x36  DblToS32.o [15]
  .text              ro code   0x800'375c    0x22  S32ToDbl.o [15]
  .text              ro code   0x800'3780   0x24e  DblAddSub.o [15]
  .text              ro code   0x800'39d0   0x246  DblDiv.o [15]
  .text              ro code   0x800'3c18    0x22  DblToU32.o [15]
  .text              ro code   0x800'3c3c    0x1c  U32ToDbl.o [15]
  .text              ro code   0x800'3c58   0x1aa  DblMul.o [15]
  .text              ro code   0x800'3e04   0x230  I64DivMod.o [16]
  .text              ro code   0x800'4034     0x6  abort.o [14]
  .text              ro code   0x800'403c     0x2  I64DivZer.o [16]
  .text              ro code   0x800'4040    0x14  exit.o [17]
  .text              ro code   0x800'4054    0x7c  iarttio.o [17]
  .text              ro code   0x800'40d0     0x8  XShttio.o [14]
  .text              ro code   0x800'40d8   0xa54  tasks.o [3]
  .text              ro code   0x800'4b2c   0x274  heap_4.o [6]
  .text              ro code   0x800'4da0    0x9a  list.o [3]
  .text              ro code   0x800'4e3c   0x1d0  port.o [5]
  .text              ro code   0x800'500c   0x5bc  cmsis_os2.o [4]
  .text              ro code   0x800'55c8   0x590  timers.o [3]
  .text              ro code   0x800'5b58    0x34  port.o [5]
  CODE               ro code   0x800'5b8c    0x88  portasm.o [5]
  .text              ro code   0x800'5c14   0x8bc  queue.o [3]
  .text              ro code   0x800'64d0   0x7ec  stm32f1xx_hal_spi.o [1]
  .text              ro code   0x800'6cbc   0x1f4  stm32f1xx_hal_msp.o [7]
  .text              ro code   0x800'6eb0     0xc  stm32f1xx_hal.o [1]
  .text              ro code   0x800'6ebc   0x10c  stm32f1xx_hal_cortex.o [1]
  .text              ro code   0x800'6fc8   0x278  stm32f1xx_hal_gpio.o [1]
  .text              ro code   0x800'7240   0x1f4  stm32f1xx_hal_dma.o [1]
  .text              ro code   0x800'7434   0x3e0  main.o [7]
  .text              ro code   0x800'7814    0x24  stm32f1xx_hal.o [1]
  .text              ro code   0x800'7838   0x67c  stm32f1xx_hal_rcc.o [1]
  .text              ro code   0x800'7eb4   0x438  stm32f1xx_hal_tim.o [1]
  .text              ro code   0x800'82ec    0x7c  stm32f1xx_hal_tim_ex.o [1]
  .text              ro code   0x800'8368   0x15c  stm32f1xx_hal_uart.o [1]
  .text              ro code   0x800'84c4   0x138  GlobalDefault.o [8]
  .text              ro code   0x800'85fc    0x40  sprintf.o [14]
  .text              ro code   0x800'863c   0x35c  MQTTDrive.o [8]
  .text              ro code   0x800'8998    0x18  stm32f1xx_hal.o [1]
  .text              ro code   0x800'89b0    0xd0  stm32f1xx_hal_timebase_tim.o [7]
  .text              ro code   0x800'8a80     0x2  stm32f1xx_hal_tim.o [1]
  .text              ro code   0x800'8a82     0x2  stm32f1xx_hal_tim.o [1]
  .text              ro code   0x800'8a84     0x2  stm32f1xx_hal_tim.o [1]
  .text              ro code   0x800'8a86     0x2  stm32f1xx_hal_tim_ex.o [1]
  .text              ro code   0x800'8a88     0x2  stm32f1xx_hal_tim.o [1]
  .text              ro code   0x800'8a8a     0x2  stm32f1xx_hal_tim_ex.o [1]
  .text              ro code   0x800'8a8c   0x238  wizchip_conf.o [13]
  .text              ro code   0x800'8cc4    0x20  putchar.o [14]
  .text              ro code   0x800'8ce4   0x134  mqtt_interface.o [11]
  .text              ro code   0x800'8e18   0x786  MQTTClient.o [11]
  .text              ro code   0x800'95a0    0x20  dns.o [10]
  .text              ro code   0x800'95c0    0x10  write.o [17]
  .text              ro code   0x800'95d0   0x25c  MQTTPacket.o [12]
  .text              ro code   0x800'982c   0x2ea  MQTTConnectClient.o [12]
  .text              ro code   0x800'9b18   0x128  MQTTDeserializePublish.o [12]
  .text              ro code   0x800'9c40   0x154  MQTTSerializePublish.o [12]
  .text              ro code   0x800'9d94   0x17c  MQTTSubscribeClient.o [12]
  .text              ro code   0x800'9f10    0x1e  dwrite.o [17]
  .text              ro code   0x800'9f2e    0x28  strncmp.o [14]
  .text              ro code   0x800'9f56    0x20  iarwstd.o [17]
  .text              ro code   0x800'9f76    0x22  iarwrite.o [17]
  .text              ro code   0x800'9f98    0x60  stm32f1xx_it.o [7]
  .rodata            const     0x800'9ff8    0x58  MQTTDrive.o [8]
  .rodata            const     0x800'a050    0x58  MQTTClient.o [11]
  .text              ro code   0x800'a0a8    0x38  zero_init3.o [16]
  .text              ro code   0x800'a0e0    0x28  data_init.o [16]
  .rodata            const     0x800'a108    0x24  main.o [7]
  .rodata            const     0x800'a12c    0x24  main.o [7]
  .iar.init_table    const     0x800'a150    0x20  - Linker created -
  .text              ro code   0x800'a170    0x1e  cmain.o [16]
  .text              ro code   0x800'a18e     0x4  low_level_init.o [14]
  .text              ro code   0x800'a192     0x4  exit.o [14]
  .text              ro code   0x800'a198     0xa  cexit.o [16]
  .rodata            const     0x800'a1a4    0x1c  main.o [7]
  .text              ro code   0x800'a1c0    0x1c  cstartup_M.o [16]
  .rodata            const     0x800'a1dc    0x14  dhcp.o [9]
  .rodata            const     0x800'a1f0    0x10  MQTTDrive.o [8]
  .rodata            const     0x800'a200    0x10  main.o [7]
  .rodata            const     0x800'a210    0x10  main.o [7]
  .rodata            const     0x800'a220    0x10  stm32f1xx_hal_rcc.o [1]
  .rodata            const     0x800'a230    0x10  system_stm32f1xx.o [7]
  .text              ro code   0x800'a240    0x10  startup_stm32f103xb.o [2]
  .rodata            const     0x800'a250     0xc  MQTTDrive.o [8]
  .rodata            const     0x800'a25c     0xc  main.o [7]
  .rodata            const     0x800'a268     0xc  main.o [7]
  .rodata            const     0x800'a274     0xc  main.o [7]
  .rodata            const     0x800'a280     0x8  MQTTConnectClient.o [12]
  .rodata            const     0x800'a288     0x8  MQTTConnectClient.o [12]
  .rodata            const     0x800'a290     0x8  system_stm32f1xx.o [7]
  .rodata            const     0x800'a298     0x8  tasks.o [3]
  .rodata            const     0x800'a2a0     0x8  timers.o [3]
  .rodata            const     0x800'a2a8     0x8  timers.o [3]
  .rodata            const     0x800'a2b0     0x4  MQTTClient.o [11]
  .rodata            const     0x800'a2b4     0x4  MQTTConnectClient.o [12]
  .rodata            const     0x800'a2b8     0x4  MQTTConnectClient.o [12]
  .rodata            const     0x800'a2bc     0x4  MQTTConnectClient.o [12]
  .rodata            const     0x800'a2c0     0x4  MQTTConnectClient.o [12]
  .rodata            const     0x800'a2c4     0x4  MQTTConnectClient.o [12]
  .rodata            const     0x800'a2c8     0x4  MQTTDeserializePublish.o [12]
  .rodata            const     0x800'a2cc     0x4  MQTTDeserializePublish.o [12]
  .rodata            const     0x800'a2d0     0x4  MQTTSerializePublish.o [12]
  .rodata            const     0x800'a2d4     0x4  MQTTSerializePublish.o [12]
  .rodata            const     0x800'a2d8     0x4  MQTTSubscribeClient.o [12]
  .rodata            const     0x800'a2dc     0x4  MQTTSubscribeClient.o [12]
  .rodata            const     0x800'a2e0     0x4  heap_4.o [6]
  .rodata            const     0x800'a2e4     0x4  port.o [5]
  .text              ro code   0x800'a2e8     0x4  startup_stm32f103xb.o [2]
  .text              ro code   0x800'a2ec     0x4  startup_stm32f103xb.o [2]
  .text              ro code   0x800'a2f0     0x4  startup_stm32f103xb.o [2]
  .text              ro code   0x800'a2f4     0x4  startup_stm32f103xb.o [2]
  .text              ro code   0x800'a2f8     0x4  startup_stm32f103xb.o [2]
  .text              ro code   0x800'a2fc     0x4  startup_stm32f103xb.o [2]
  .text              ro code   0x800'a300     0x4  startup_stm32f103xb.o [2]
  .text              ro code   0x800'a304     0x4  startup_stm32f103xb.o [2]
  .text              ro code   0x800'a308     0x4  startup_stm32f103xb.o [2]
  .text              ro code   0x800'a30c     0x4  startup_stm32f103xb.o [2]
  .text              ro code   0x800'a310     0x4  startup_stm32f103xb.o [2]
  .text              ro code   0x800'a314     0x4  startup_stm32f103xb.o [2]
  .text              ro code   0x800'a318     0x4  startup_stm32f103xb.o [2]
  .text              ro code   0x800'a31c     0x4  startup_stm32f103xb.o [2]
  .text              ro code   0x800'a320     0x4  startup_stm32f103xb.o [2]
  .text              ro code   0x800'a324     0x4  startup_stm32f103xb.o [2]
  .text              ro code   0x800'a328     0x4  startup_stm32f103xb.o [2]
  .text              ro code   0x800'a32c     0x4  startup_stm32f103xb.o [2]
  .text              ro code   0x800'a330     0x4  startup_stm32f103xb.o [2]
  .text              ro code   0x800'a334     0x4  startup_stm32f103xb.o [2]
  .text              ro code   0x800'a338     0x4  startup_stm32f103xb.o [2]
  .text              ro code   0x800'a33c     0x4  startup_stm32f103xb.o [2]
  .text              ro code   0x800'a340     0x4  startup_stm32f103xb.o [2]
  .text              ro code   0x800'a344     0x4  startup_stm32f103xb.o [2]
  .text              ro code   0x800'a348     0x4  startup_stm32f103xb.o [2]
  .text              ro code   0x800'a34c     0x4  startup_stm32f103xb.o [2]
  .text              ro code   0x800'a350     0x4  startup_stm32f103xb.o [2]
  .text              ro code   0x800'a354     0x4  startup_stm32f103xb.o [2]
  .text              ro code   0x800'a358     0x4  startup_stm32f103xb.o [2]
  .text              ro code   0x800'a35c     0x4  startup_stm32f103xb.o [2]
  .text              ro code   0x800'a360     0x4  startup_stm32f103xb.o [2]
  .text              ro code   0x800'a364     0x4  startup_stm32f103xb.o [2]
  .text              ro code   0x800'a368     0x4  startup_stm32f103xb.o [2]
  .text              ro code   0x800'a36c     0x4  startup_stm32f103xb.o [2]
  .text              ro code   0x800'a370     0x4  startup_stm32f103xb.o [2]
  .text              ro code   0x800'a374     0x4  startup_stm32f103xb.o [2]
  .text              ro code   0x800'a378     0x4  startup_stm32f103xb.o [2]
  .text              ro code   0x800'a37c     0x4  startup_stm32f103xb.o [2]
  .text              ro code   0x800'a380     0x4  startup_stm32f103xb.o [2]
  .text              ro code   0x800'a384     0x2  system_stm32f1xx.o [7]
  .rodata            const     0x800'a386     0x0  zero_init3.o [16]
  .rodata            const     0x800'a386     0x0  packbits_init_single.o [16]
  Initializer bytes  const     0x800'a386    0x68  <for P2-1>
                             - 0x800'a3ee  0xa302

"P2", part 1 of 3:                           0x8a
  P2-1                        0x2000'0000    0x8a  <Init block>
    .data            inited   0x2000'0000     0x4  dhcp.o [9]
    .data            inited   0x2000'0004     0x4  dhcp.o [9]
    .data            inited   0x2000'0008     0x8  dhcp.o [9]
    .data            inited   0x2000'0010     0x4  dhcp.o [9]
    .data            inited   0x2000'0014     0x4  dhcp.o [9]
    .data            inited   0x2000'0018     0x4  dhcp.o [9]
    .data            inited   0x2000'001c     0x8  GlobalDefault.o [8]
    .data            inited   0x2000'0024    0x18  GlobalDefault.o [8]
    .data            inited   0x2000'003c     0x4  MQTTDrive.o [8]
    .data            inited   0x2000'0040     0x4  MQTTDrive.o [8]
    .data            inited   0x2000'0044    0x2c  wizchip_conf.o [13]
    .data            inited   0x2000'0070     0x4  stm32f1xx_hal.o [1]
    .data            inited   0x2000'0074     0x4  system_stm32f1xx.o [7]
    .data            inited   0x2000'0078     0x4  port.o [5]
    .data            inited   0x2000'007c     0x8  XShttio.o [14]
    .data            inited   0x2000'0084     0x2  socket.o [13]
    .data            inited   0x2000'0086     0x1  GlobalDefault.o [8]
    .data            inited   0x2000'0087     0x1  MQTTDrive.o [8]
    .data            inited   0x2000'0088     0x1  main.o [7]
    .data            inited   0x2000'0089     0x1  stm32f1xx_hal.o [1]
                            - 0x2000'008a    0x8a

"P2", part 2 of 3:                         0x3838
  .bss               zero     0x2000'008c   0xc00  heap_4.o [6]
  .bss               zero     0x2000'0c8c   0x800  MQTTDrive.o [8]
  .bss               zero     0x2000'148c   0x800  main.o [7]
  .bss               zero     0x2000'1c8c   0x460  tasks.o [3]
  .bss               zero     0x2000'20ec   0x400  GlobalDefault.o [8]
  .bss               zero     0x2000'24ec   0x400  GlobalDefault.o [8]
  .bss               zero     0x2000'28ec   0x400  cmsis_os2.o [4]
  .bss               zero     0x2000'2cec   0x200  main.o [7]
  .bss               zero     0x2000'2eec   0x200  cmsis_os2.o [4]
  .bss               zero     0x2000'30ec    0xa0  timers.o [3]
  .bss               zero     0x2000'318c    0x64  MQTTDrive.o [8]
  .bss               zero     0x2000'31f0    0x5c  MQTTDrive.o [8]
  .bss               zero     0x2000'324c    0x5c  main.o [7]
  .bss               zero     0x2000'32a8    0x5c  main.o [7]
  .bss               zero     0x2000'3304    0x5c  cmsis_os2.o [4]
  .bss               zero     0x2000'3360    0x5c  cmsis_os2.o [4]
  .bss               zero     0x2000'33bc    0x58  main.o [7]
  .bss               zero     0x2000'3414    0x50  timers.o [3]
  .bss               zero     0x2000'3464    0x4c  MQTTDrive.o [8]
  .bss               zero     0x2000'34b0    0x4c  MQTTDrive.o [8]
  .bss               zero     0x2000'34fc    0x48  main.o [7]
  .bss               zero     0x2000'3544    0x48  main.o [7]
  .bss               zero     0x2000'358c    0x48  stm32f1xx_hal_timebase_tim.o [7]
  .bss               zero     0x2000'35d4    0x44  main.o [7]
  .bss               zero     0x2000'3618    0x44  main.o [7]
  .bss               zero     0x2000'365c    0x40  queue.o [3]
  .bss               zero     0x2000'369c    0x34  MQTTDrive.o [8]
  .bss               zero     0x2000'36d0    0x30  main.o [7]
  .bss               zero     0x2000'3700    0x14  MQTTDrive.o [8]
  .bss               zero     0x2000'3714    0x14  tasks.o [3]
  .bss               zero     0x2000'3728    0x14  tasks.o [3]
  .bss               zero     0x2000'373c    0x14  tasks.o [3]
  .bss               zero     0x2000'3750    0x14  tasks.o [3]
  .bss               zero     0x2000'3764    0x14  tasks.o [3]
  .bss               zero     0x2000'3778    0x14  timers.o [3]
  .bss               zero     0x2000'378c    0x14  timers.o [3]
  .bss               zero     0x2000'37a0    0x10  MQTTDrive.o [8]
  .bss               zero     0x2000'37b0    0x10  MQTTDrive.o [8]
  .bss               zero     0x2000'37c0    0x10  socket.o [13]
  .bss               zero     0x2000'37d0     0x8  dhcp.o [9]
  .bss               zero     0x2000'37d8     0x8  socket.o [13]
  .bss               zero     0x2000'37e0     0x8  heap_4.o [6]
  .bss               zero     0x2000'37e8     0x4  dhcp.o [9]
  .bss               zero     0x2000'37ec     0x4  dhcp.o [9]
  .bss               zero     0x2000'37f0     0x4  dhcp.o [9]
  .bss               zero     0x2000'37f4     0x4  dhcp.o [9]
  .bss               zero     0x2000'37f8     0x4  dhcp.o [9]
  .bss               zero     0x2000'37fc     0x4  dhcp.o [9]
  .bss               zero     0x2000'3800     0x4  dhcp.o [9]
  .bss               zero     0x2000'3804     0x4  dhcp.o [9]
  .bss               zero     0x2000'3808     0x4  dhcp.o [9]
  .bss               zero     0x2000'380c     0x4  dhcp.o [9]
  .bss               zero     0x2000'3810     0x4  dns.o [10]
  .bss               zero     0x2000'3814     0x4  GlobalDefault.o [8]
  .bss               zero     0x2000'3818     0x4  MQTTDrive.o [8]
  .bss               zero     0x2000'381c     0x4  MQTTDrive.o [8]
  .bss               zero     0x2000'3820     0x4  MQTTDrive.o [8]
  .bss               zero     0x2000'3824     0x4  MQTTPacket.o [12]
  .bss               zero     0x2000'3828     0x4  mqtt_interface.o [11]
  .bss               zero     0x2000'382c     0x4  wizchip_conf.o [13]
  .bss               zero     0x2000'3830     0x4  main.o [7]
  .bss               zero     0x2000'3834     0x4  main.o [7]
  .bss               zero     0x2000'3838     0x4  main.o [7]
  .bss               zero     0x2000'383c     0x4  main.o [7]
  .bss               zero     0x2000'3840     0x4  stm32f1xx_hal.o [1]
  .bss               zero     0x2000'3844     0x4  tasks.o [3]
  .bss               zero     0x2000'3848     0x4  tasks.o [3]
  .bss               zero     0x2000'384c     0x4  tasks.o [3]
  .bss               zero     0x2000'3850     0x4  tasks.o [3]
  .bss               zero     0x2000'3854     0x4  tasks.o [3]
  .bss               zero     0x2000'3858     0x4  tasks.o [3]
  .bss               zero     0x2000'385c     0x4  tasks.o [3]
  .bss               zero     0x2000'3860     0x4  tasks.o [3]
  .bss               zero     0x2000'3864     0x4  tasks.o [3]
  .bss               zero     0x2000'3868     0x4  tasks.o [3]
  .bss               zero     0x2000'386c     0x4  tasks.o [3]
  .bss               zero     0x2000'3870     0x4  tasks.o [3]
  .bss               zero     0x2000'3874     0x4  tasks.o [3]
  .bss               zero     0x2000'3878     0x4  tasks.o [3]
  .bss               zero     0x2000'387c     0x4  tasks.o [3]
  .bss               zero     0x2000'3880     0x4  timers.o [3]
  .bss               zero     0x2000'3884     0x4  timers.o [3]
  .bss               zero     0x2000'3888     0x4  timers.o [3]
  .bss               zero     0x2000'388c     0x4  timers.o [3]
  .bss               zero     0x2000'3890     0x4  timers.o [3]
  .bss               zero     0x2000'3894     0x4  cmsis_os2.o [4]
  .bss               zero     0x2000'3898     0x4  heap_4.o [6]
  .bss               zero     0x2000'389c     0x4  heap_4.o [6]
  .bss               zero     0x2000'38a0     0x4  heap_4.o [6]
  .bss               zero     0x2000'38a4     0x4  heap_4.o [6]
  .bss               zero     0x2000'38a8     0x4  port.o [5]
  .bss               zero     0x2000'38ac     0x4  xfail_s.o [14]
  .bss               zero     0x2000'38b0     0x2  dns.o [10]
  .bss               zero     0x2000'38b2     0x2  socket.o [13]
  .bss               zero     0x2000'38b4     0x2  socket.o [13]
  .bss               zero     0x2000'38b6     0x1  dhcp.o [9]
  .bss               zero     0x2000'38b7     0x1  dhcp.o [9]
  .bss               zero     0x2000'38b8     0x1  dhcp.o [9]
  .bss               zero     0x2000'38b9     0x1  dns.o [10]
  .bss               zero     0x2000'38ba     0x1  GlobalDefault.o [8]
  .bss               zero     0x2000'38bb     0x1  MQTTDrive.o [8]
  .bss               zero     0x2000'38bc     0x1  MQTTDrive.o [8]
  .bss               zero     0x2000'38bd     0x1  MQTTDrive.o [8]
  .bss               zero     0x2000'38be     0x1  MQTTDrive.o [8]
  .bss               zero     0x2000'38bf     0x1  MQTTDrive.o [8]
  .bss               zero     0x2000'38c0     0x1  wizchip_conf.o [13]
  .bss               zero     0x2000'38c1     0x1  main.o [7]
  .bss               zero     0x2000'38c2     0x1  port.o [5]
                            - 0x2000'38c3  0x3837

"P2", part 3 of 3:                          0x400
  CSTACK                      0x2000'38c8   0x400  <Block>
    CSTACK           uninit   0x2000'38c8   0x400  <Block tail>
                            - 0x2000'3cc8   0x400

Unused ranges:

         From           To      Size
         ----           --      ----
   0x800'a3ee   0x801'ffff  0x1'5c12
  0x2000'008a  0x2000'008b       0x2
  0x2000'38c4  0x2000'38c7       0x4
  0x2000'3cc8  0x2000'4fff    0x1338


*******************************************************************************
*** INIT TABLE
***

          Address      Size
          -------      ----
Zero (__iar_zero_init3)
    1 destination range, total size 0x3837:
          0x2000'008c  0x3837

Copy/packbits (__iar_packbits_init_single3)
    1 source range, total size 0x68 (75% of destination):
           0x800'a386    0x68
    1 destination range, total size 0x8a:
          0x2000'0000    0x8a



*******************************************************************************
*** MODULE SUMMARY
***

    Module                        ro code  ro data  rw data
    ------                        -------  -------  -------
command line/config:
    -------------------------------------------------------
    Total:

C:\MyProjects\HomeController2\W5500Project\VSProject\MyMQTTProject\VisualGDB\Debug\_2_\Drivers\STM32F1xx_HAL_Driver\Src: [1]
    stm32f1xx_hal.o                    72        4        9
    stm32f1xx_hal_cortex.o            268
    stm32f1xx_hal_dma.o               500
    stm32f1xx_hal_gpio.o              632
    stm32f1xx_hal_rcc.o             1'660       18
    stm32f1xx_hal_spi.o             2'028
    stm32f1xx_hal_tim.o             1'088
    stm32f1xx_hal_tim_ex.o            128
    stm32f1xx_hal_uart.o              348
    -------------------------------------------------------
    Total:                          6'724       22        9

C:\MyProjects\HomeController2\W5500Project\VSProject\MyMQTTProject\VisualGDB\Debug\_2_\EWARM: [2]
    startup_stm32f103xb.o             408
    -------------------------------------------------------
    Total:                            408

C:\MyProjects\HomeController2\W5500Project\VSProject\MyMQTTProject\VisualGDB\Debug\_2_\Middlewares\Third_Party\FreeRTOS\Source: [3]
    list.o                            154
    queue.o                         2'236                64
    tasks.o                         2'644        8    1'280
    timers.o                        1'424       16      300
    -------------------------------------------------------
    Total:                          6'458       24    1'644

C:\MyProjects\HomeController2\W5500Project\VSProject\MyMQTTProject\VisualGDB\Debug\_2_\Middlewares\Third_Party\FreeRTOS\Source\CMSIS_RTOS_V2: [4]
    cmsis_os2.o                     1'468             1'724
    -------------------------------------------------------
    Total:                          1'468             1'724

C:\MyProjects\HomeController2\W5500Project\VSProject\MyMQTTProject\VisualGDB\Debug\_2_\Middlewares\Third_Party\FreeRTOS\Source\portable\IAR\ARM_CM3: [5]
    port.o                            516        7        9
    portasm.o                         136
    -------------------------------------------------------
    Total:                            652        7        9

C:\MyProjects\HomeController2\W5500Project\VSProject\MyMQTTProject\VisualGDB\Debug\_2_\Middlewares\Third_Party\FreeRTOS\Source\portable\MemMang: [6]
    heap_4.o                          628        4    3'096
    -------------------------------------------------------
    Total:                            628        4    3'096

C:\MyProjects\HomeController2\W5500Project\VSProject\MyMQTTProject\VisualGDB\Debug\_2_\Src: [7]
    main.o                            992      169    3'178
    stm32f1xx_hal_msp.o               500
    stm32f1xx_hal_timebase_tim.o      208                72
    stm32f1xx_it.o                     96
    system_stm32f1xx.o                  2       27        4
    -------------------------------------------------------
    Total:                          1'798      196    3'254

C:\MyProjects\HomeController2\W5500Project\VSProject\MyMQTTProject\VisualGDB\Debug\_3_\MyLibraries: [8]
    GlobalDefault.o                   312       25    2'086
    MQTTDrive.o                       860      123    2'522
    -------------------------------------------------------
    Total:                          1'172      148    4'608

C:\MyProjects\HomeController2\W5500Project\VSProject\MyMQTTProject\VisualGDB\Debug\_3_\MyLibraries\DHCP: [9]
    dhcp.o                          4'424       41       79
    -------------------------------------------------------
    Total:                          4'424       41       79

C:\MyProjects\HomeController2\W5500Project\VSProject\MyMQTTProject\VisualGDB\Debug\_3_\MyLibraries\DNS: [10]
    dns.o                              32                 7
    -------------------------------------------------------
    Total:                             32                 7

C:\MyProjects\HomeController2\W5500Project\VSProject\MyMQTTProject\VisualGDB\Debug\_3_\MyLibraries\MQTT: [11]
    MQTTClient.o                    1'926       92
    mqtt_interface.o                  308                 4
    -------------------------------------------------------
    Total:                          2'234       92        4

C:\MyProjects\HomeController2\W5500Project\VSProject\MyMQTTProject\VisualGDB\Debug\_3_\MyLibraries\MQTT\MQTTPacket\src: [12]
    MQTTConnectClient.o               746       36
    MQTTDeserializePublish.o          296        8
    MQTTPacket.o                      604                 4
    MQTTSerializePublish.o            340        8
    MQTTSubscribeClient.o             380        8
    -------------------------------------------------------
    Total:                          2'366       60        4

C:\MyProjects\HomeController2\W5500Project\VSProject\MyMQTTProject\VisualGDB\Debug\_3_\MyLibraries\W5500: [13]
    socket.o                        3'280        1       30
    w5500.o                         1'194
    wizchip_conf.o                    568       33       49
    -------------------------------------------------------
    Total:                          5'042       34       79

dl7M_tln.a: [14]
    XShttio.o                           8        6        8
    abort.o                             6
    exit.o                              4
    low_level_init.o                    4
    putchar.o                          32
    sprintf.o                          64
    strncmp.o                          40
    xfail_s.o                          64                 4
    xprintffull_nomb.o              3'858
    xsprout.o                          10
    -------------------------------------------------------
    Total:                          4'090        6       12

m7M_tl.a: [15]
    DblAddSub.o                       590
    DblCmpGe.o                         52
    DblCmpLe.o                         52
    DblDiv.o                          582
    DblMul.o                          426
    DblToS32.o                         54
    DblToU32.o                         34
    S32ToDbl.o                         34
    U32ToDbl.o                         28
    frexp.o                           112
    ldexp.o                           314
    -------------------------------------------------------
    Total:                          2'278

rt7M_tl.a: [16]
    ABImemcpy.o                       166
    ABImemset.o                       102
    I64DivMod.o                       560
    I64DivZer.o                         2
    cexit.o                            10
    cmain.o                            30
    cstartup_M.o                       28
    data_init.o                        40
    memchr.o                           88
    memset.o                           20
    packbits_init_single.o             58
    strchr.o                           22
    strlen.o                           54
    zero_init3.o                       56
    -------------------------------------------------------
    Total:                          1'236

shb_l.a: [17]
    dwrite.o                           30
    exit.o                             20
    iarttio.o                         124
    iarwrite.o                         34
    iarwstd.o                          32
    write.o                            16
    -------------------------------------------------------
    Total:                            256

    Gaps                               32        2
    Linker created                              32    1'024
-----------------------------------------------------------
    Grand Total:                   41'298      668   15'553


*******************************************************************************
*** ENTRY LIST
***

Entry                       Address   Size  Type      Object
-----                       -------   ----  ----      ------
.iar.init_table$$Base    0x800'a150          --   Gb  - Linker created -
.iar.init_table$$Limit   0x800'a170          --   Gb  - Linker created -
?main                    0x800'a171         Code  Gb  cmain.o [16]
AHBPrescTable            0x800'a230   0x10  Data  Gb  system_stm32f1xx.o [7]
APBPrescTable            0x800'a290    0x8  Data  Gb  system_stm32f1xx.o [7]
BusFault_Handler         0x800'9f9f    0x2  Code  Gb  stm32f1xx_it.o [7]
CSTACK$$Base            0x2000'38c8          --   Gb  - Linker created -
CSTACK$$Limit           0x2000'3cc8          --   Gb  - Linker created -
Callback_IPAssigned      0x800'8531    0x8  Code  Gb  GlobalDefault.o [8]
Callback_IPConflict      0x800'8539    0x2  Code  Gb  GlobalDefault.o [8]
ConnectNetwork           0x800'8dd7   0x42  Code  Gb  mqtt_interface.o [11]
DHCPState               0x2000'38be    0x1  Data  Gb  MQTTDrive.o [8]
DHCP_CHADDR             0x2000'37d0    0x8  Data  Gb  dhcp.o [9]
DHCP_REAL_SIP           0x2000'37ec    0x4  Data  Gb  dhcp.o [9]
DHCP_SIP                0x2000'37e8    0x4  Data  Gb  dhcp.o [9]
DHCP_SOCKET             0x2000'38b6    0x1  Data  Gb  dhcp.o [9]
DHCP_XID                0x2000'3808    0x4  Data  Gb  dhcp.o [9]
DHCP_allocated_dns      0x2000'3800    0x4  Data  Gb  dhcp.o [9]
DHCP_allocated_gw       0x2000'37f8    0x4  Data  Gb  dhcp.o [9]
DHCP_allocated_ip       0x2000'37f4    0x4  Data  Gb  dhcp.o [9]
DHCP_allocated_sn       0x2000'37fc    0x4  Data  Gb  dhcp.o [9]
DHCP_init                0x800'10ad   0xb6  Code  Gb  dhcp.o [9]
DHCP_run                 0x800'0e1d  0x1a8  Code  Gb  dhcp.o [9]
DHCP_time_handler        0x800'1177    0xa  Code  Gb  dhcp.o [9]
DMA1_Channel4_IRQHandler
                         0x800'9fa5    0xa  Code  Gb  stm32f1xx_it.o [7]
DMA1_Channel5_IRQHandler
                         0x800'9faf    0xa  Code  Gb  stm32f1xx_it.o [7]
DNSIsConfig             0x2000'38bf    0x1  Data  Gb  MQTTDrive.o [8]
DNS_MSGID               0x2000'38b0    0x2  Data  Gb  dns.o [10]
DNS_SOCKET              0x2000'38b9    0x1  Data  Gb  dns.o [10]
DNS_init                 0x800'95a1   0x12  Code  Gb  dns.o [10]
DebugMon_Handler         0x800'9fa3    0x2  Code  Gb  stm32f1xx_it.o [7]
Error_Handler            0x800'7811    0x4  Code  Gb  main.o [7]
HAL_DMA_IRQHandler       0x800'72a7  0x16a  Code  Gb  stm32f1xx_hal_dma.o [1]
HAL_DMA_Init             0x800'7241   0x66  Code  Gb  stm32f1xx_hal_dma.o [1]
HAL_GPIO_Init            0x800'6fc9  0x21e  Code  Gb  stm32f1xx_hal_gpio.o [1]
HAL_GPIO_WritePin        0x800'71e7   0x1a  Code  Gb  stm32f1xx_hal_gpio.o [1]
HAL_GetTick              0x800'6eb1    0xc  Code  Wk  stm32f1xx_hal.o [1]
HAL_IncTick              0x800'8999   0x18  Code  Wk  stm32f1xx_hal.o [1]
HAL_Init                 0x800'7815   0x20  Code  Gb  stm32f1xx_hal.o [1]
HAL_InitTick             0x800'89b1   0xbc  Code  Gb  stm32f1xx_hal_timebase_tim.o [7]
HAL_MspInit              0x800'6cbd   0x46  Code  Gb  stm32f1xx_hal_msp.o [7]
HAL_NVIC_EnableIRQ       0x800'6fa5    0xe  Code  Gb  stm32f1xx_hal_cortex.o [1]
HAL_NVIC_SetPriority     0x800'6f7b   0x2a  Code  Gb  stm32f1xx_hal_cortex.o [1]
HAL_NVIC_SetPriorityGrouping
                         0x800'6f6f    0xc  Code  Gb  stm32f1xx_hal_cortex.o [1]
HAL_RCC_ClockConfig      0x800'7c39  0x14c  Code  Gb  stm32f1xx_hal_rcc.o [1]
HAL_RCC_GetClockConfig   0x800'7e13   0x34  Code  Gb  stm32f1xx_hal_rcc.o [1]
HAL_RCC_GetHCLKFreq      0x800'7de1    0x6  Code  Gb  stm32f1xx_hal_rcc.o [1]
HAL_RCC_GetPCLK1Freq     0x800'7de7   0x16  Code  Gb  stm32f1xx_hal_rcc.o [1]
HAL_RCC_GetPCLK2Freq     0x800'7dfd   0x16  Code  Gb  stm32f1xx_hal_rcc.o [1]
HAL_RCC_GetSysClockFreq
                         0x800'7d85   0x5c  Code  Gb  stm32f1xx_hal_rcc.o [1]
HAL_RCC_GetSysClockFreq::aPLLMULFactorTable
                         0x800'a220   0x10  Data  Lc  stm32f1xx_hal_rcc.o [1]
HAL_RCC_GetSysClockFreq::aPredivFactorTable
                         0x800'337e    0x2  Data  Lc  stm32f1xx_hal_rcc.o [1]
HAL_RCC_OscConfig        0x800'7839  0x400  Code  Gb  stm32f1xx_hal_rcc.o [1]
HAL_SPI_Init             0x800'64d1   0xc4  Code  Gb  stm32f1xx_hal_spi.o [1]
HAL_SPI_MspInit          0x800'6d03   0xda  Code  Gb  stm32f1xx_hal_msp.o [7]
HAL_SPI_Receive          0x800'6759  0x18a  Code  Gb  stm32f1xx_hal_spi.o [1]
HAL_SPI_Transmit         0x800'6595  0x1c4  Code  Gb  stm32f1xx_hal_spi.o [1]
HAL_SPI_TransmitReceive
                         0x800'68e3  0x254  Code  Gb  stm32f1xx_hal_spi.o [1]
HAL_TIMEx_BreakCallback
                         0x800'8a87    0x2  Code  Wk  stm32f1xx_hal_tim_ex.o [1]
HAL_TIMEx_CommutCallback
                         0x800'8a8b    0x2  Code  Wk  stm32f1xx_hal_tim_ex.o [1]
HAL_TIMEx_MasterConfigSynchronization
                         0x800'82ed   0x6e  Code  Gb  stm32f1xx_hal_tim_ex.o [1]
HAL_TIM_Base_Init        0x800'7eb5   0x6e  Code  Gb  stm32f1xx_hal_tim.o [1]
HAL_TIM_Base_MspInit     0x800'6ddd   0x32  Code  Gb  stm32f1xx_hal_msp.o [7]
HAL_TIM_Base_Start_IT    0x800'7f23   0x72  Code  Gb  stm32f1xx_hal_tim.o [1]
HAL_TIM_ConfigClockSource
                         0x800'8117   0xf4  Code  Gb  stm32f1xx_hal_tim.o [1]
HAL_TIM_IRQHandler       0x800'7fa1  0x176  Code  Gb  stm32f1xx_hal_tim.o [1]
HAL_TIM_PeriodElapsedCallback
                         0x800'7795   0x12  Code  Gb  main.o [7]
HAL_UART_Init            0x800'8369   0x7a  Code  Gb  stm32f1xx_hal_uart.o [1]
HAL_UART_MspInit         0x800'6e0f   0x70  Code  Gb  stm32f1xx_hal_msp.o [7]
HOST_NAME               0x2000'0008    0x8  Data  Gb  dhcp.o [9]
HardFault_Handler        0x800'9f9b    0x2  Code  Gb  stm32f1xx_it.o [7]
IPAssignedTimerCounter  0x2000'38bd    0x1  Data  Gb  MQTTDrive.o [8]
Idle_Stack              0x2000'2eec  0x200  Data  Lc  cmsis_os2.o [4]
Idle_TCB                0x2000'3304   0x5c  Data  Lc  cmsis_os2.o [4]
Initialization           0x800'85f5    0x8  Code  Gb  GlobalDefault.o [8]
InitializationMQTTDone  0x2000'0087    0x1  Data  Gb  MQTTDrive.o [8]
KernelState             0x2000'3894    0x4  Data  Lc  cmsis_os2.o [4]
MQTTClientInit           0x800'8e9b   0x5e  Code  Gb  MQTTClient.o [11]
MQTTConnect              0x800'9309   0xb0  Code  Gb  MQTTClient.o [11]
MQTTDeserialize_ack      0x800'9bcf   0x6a  Code  Gb  MQTTDeserializePublish.o [12]
MQTTDeserialize_connack
                         0x800'9a1f   0x80  Code  Gb  MQTTConnectClient.o [12]
MQTTDeserialize_publish
                         0x800'9b19   0xb6  Code  Gb  MQTTDeserializePublish.o [12]
MQTTDeserialize_suback   0x800'9e73   0x96  Code  Gb  MQTTSubscribeClient.o [12]
MQTTDriver               0x800'8759   0xf8  Code  Gb  MQTTDrive.o [8]
MQTTInit                 0x800'86a1   0xb8  Code  Gb  MQTTDrive.o [8]
MQTTMessQueueHandle     0x2000'3838    0x4  Data  Gb  main.o [7]
MQTTMessageQueueEdd      0x800'8851   0xc6  Code  Gb  MQTTDrive.o [8]
MQTTPacket_decode        0x800'95fb   0x48  Code  Gb  MQTTPacket.o [12]
MQTTPacket_decodeBuf     0x800'968b   0x14  Code  Gb  MQTTPacket.o [12]
MQTTPacket_encode        0x800'95d1   0x2a  Code  Gb  MQTTPacket.o [12]
MQTTPacket_equals        0x800'97d1   0x4e  Code  Gb  MQTTPacket.o [12]
MQTTPacket_len           0x800'9643   0x24  Code  Gb  MQTTPacket.o [12]
MQTTPublish              0x800'94a1   0xfe  Code  Gb  MQTTClient.o [11]
MQTTSerialize_ack        0x800'9d1d   0x70  Code  Gb  MQTTSerializePublish.o [12]
MQTTSerialize_connect    0x800'98b9  0x166  Code  Gb  MQTTConnectClient.o [12]
MQTTSerialize_connectLength
                         0x800'982d   0x8c  Code  Gb  MQTTConnectClient.o [12]
MQTTSerialize_pingreq    0x800'9b05   0x12  Code  Gb  MQTTConnectClient.o [12]
MQTTSerialize_publish    0x800'9c61   0xbc  Code  Gb  MQTTSerializePublish.o [12]
MQTTSerialize_publishLength
                         0x800'9c41   0x20  Code  Gb  MQTTSerializePublish.o [12]
MQTTSerialize_subscribe
                         0x800'9dbf   0xb4  Code  Gb  MQTTSubscribeClient.o [12]
MQTTSerialize_subscribeLength
                         0x800'9d95   0x2a  Code  Gb  MQTTSubscribeClient.o [12]
MQTTSerialize_zero       0x800'9a9f   0x4a  Code  Gb  MQTTConnectClient.o [12]
MQTTSubscribe            0x800'93c1   0xe0  Code  Gb  MQTTClient.o [11]
MQTTTaskBuffer          0x2000'148c  0x800  Data  Gb  main.o [7]
MQTTTaskControlBlock    0x2000'32a8   0x5c  Data  Gb  main.o [7]
MQTTTaskHandle          0x2000'3834    0x4  Data  Gb  main.o [7]
MQTTTask_attributes      0x800'a12c   0x24  Data  Gb  main.o [7]
MQTTYield                0x800'92b3   0x2e  Code  Gb  MQTTClient.o [11]
MQTTstrlen               0x800'97b7   0x1a  Code  Gb  MQTTPacket.o [12]
MX_DMA_Init              0x800'7607   0x38  Code  Lc  main.o [7]
MX_GPIO_Init             0x800'763f   0xe4  Code  Lc  main.o [7]
MX_SPI2_Init             0x800'7511   0x46  Code  Lc  main.o [7]
MX_TIM1_Init             0x800'7557   0x7c  Code  Lc  main.o [7]
MX_USART1_UART_Init      0x800'75d3   0x34  Code  Lc  main.o [7]
MainTaskBuffer          0x2000'2cec  0x200  Data  Gb  main.o [7]
MainTaskControlBlock    0x2000'324c   0x5c  Data  Gb  main.o [7]
MainTaskHandle          0x2000'3830    0x4  Data  Gb  main.o [7]
MainTask_attributes      0x800'a108   0x24  Data  Gb  main.o [7]
MaxMessageCount         0x2000'0088    0x1  Data  Gb  main.o [7]
MemManage_Handler        0x800'9f9d    0x2  Code  Gb  stm32f1xx_it.o [7]
MessageFromQueue        0x2000'34b0   0x4c  Data  Gb  MQTTDrive.o [8]
MilliTimer              0x2000'3828    0x4  Data  Gb  mqtt_interface.o [11]
MilliTimer_Handler       0x800'8ce5    0xa  Code  Gb  mqtt_interface.o [11]
MyMQTTAddress           0x2000'369c   0x34  Data  Gb  MQTTDrive.o [8]
MyMQTTMessage           0x2000'3700   0x14  Data  Gb  MQTTDrive.o [8]
NMI_Handler              0x800'9f99    0x2  Code  Gb  stm32f1xx_it.o [7]
NVIC_EncodePriority      0x800'6f2f   0x40  Code  Lc  stm32f1xx_hal_cortex.o [1]
NewMessageData           0x800'8e19    0x6  Code  Lc  MQTTClient.o [11]
NewNetwork               0x800'8d3d   0x16  Code  Gb  mqtt_interface.o [11]
NibbleToHex              0x800'121d   0x18  Code  Gb  dhcp.o [9]
OLD_allocated_ip        0x2000'37f0    0x4  Data  Gb  dhcp.o [9]
PendSV_Handler           0x800'5b8d         Code  Gb  portasm.o [5]
PubMessage              0x2000'3464   0x4c  Data  Gb  MQTTDrive.o [8]
PublicMessage           0x2000'37b0   0x10  Data  Gb  MQTTDrive.o [8]
PublicatedMessageCount  0x2000'3818    0x4  Data  Gb  MQTTDrive.o [8]
RCC_Delay                0x800'7e47   0x26  Code  Lc  stm32f1xx_hal_rcc.o [1]
Region$$Table$$Base      0x800'a150          --   Gb  - Linker created -
Region$$Table$$Limit     0x800'a170          --   Gb  - Linker created -
SPI_EndRxTransaction     0x800'6c11   0x7c  Code  Lc  stm32f1xx_hal_spi.o [1]
SPI_EndRxTxTransaction   0x800'6c8d   0x2a  Code  Lc  stm32f1xx_hal_spi.o [1]
SPI_WaitFlagStateUntilTimeout
                         0x800'6b37   0xda  Code  Lc  stm32f1xx_hal_spi.o [1]
SVC_Handler              0x800'5bd3         Code  Gb  portasm.o [5]
StartMQTTTask            0x800'775d   0x22  Code  Gb  main.o [7]
StartMainTask            0x800'7725   0x38  Code  Gb  main.o [7]
SubString               0x2000'0040    0x4  Data  Gb  MQTTDrive.o [8]
SysTick_Handler          0x800'4f75   0x28  Code  Gb  port.o [5]
SystemClock_Config       0x800'749f   0x72  Code  Gb  main.o [7]
SystemCoreClock         0x2000'0074    0x4  Data  Gb  system_stm32f1xx.o [7]
SystemInit               0x800'a385    0x2  Code  Gb  system_stm32f1xx.o [7]
TIM1_UP_IRQHandler       0x800'9fb9   0x1e  Code  Gb  stm32f1xx_it.o [7]
TIM4_IRQHandler          0x800'9fd7    0xa  Code  Gb  stm32f1xx_it.o [7]
TIM_Base_SetConfig       0x800'820b   0x64  Code  Gb  stm32f1xx_hal_tim.o [1]
TIM_ETR_SetConfig        0x800'82d7   0x16  Code  Gb  stm32f1xx_hal_tim.o [1]
TIM_ITRx_SetConfig       0x800'82c7   0x10  Code  Lc  stm32f1xx_hal_tim.o [1]
TIM_TI1_ConfigInputStage
                         0x800'827d   0x24  Code  Lc  stm32f1xx_hal_tim.o [1]
TIM_TI2_ConfigInputStage
                         0x800'82a1   0x26  Code  Lc  stm32f1xx_hal_tim.o [1]
TestTimerCounter        0x2000'38c1    0x1  Data  Gb  main.o [7]
Timer1secCallback        0x800'7781   0x14  Code  Gb  main.o [7]
Timer1secControlBlock   0x2000'36d0   0x30  Data  Gb  main.o [7]
Timer1secHandle         0x2000'383c    0x4  Data  Gb  main.o [7]
Timer1sec_attributes     0x800'a210   0x10  Data  Gb  main.o [7]
TimerCallback            0x800'51cd   0x18  Code  Lc  cmsis_os2.o [4]
TimerCountdown           0x800'8d15   0x10  Code  Gb  mqtt_interface.o [11]
TimerCountdownMS         0x800'8d0b    0xa  Code  Gb  mqtt_interface.o [11]
TimerInit                0x800'8cef    0x6  Code  Gb  mqtt_interface.o [11]
TimerIsExpired           0x800'8cf5   0x16  Code  Gb  mqtt_interface.o [11]
TimerLeftMS              0x800'8d25   0x14  Code  Gb  mqtt_interface.o [11]
Timer_Stack             0x2000'28ec  0x400  Data  Lc  cmsis_os2.o [4]
Timer_TCB               0x2000'3360   0x5c  Data  Lc  cmsis_os2.o [4]
UART_SetConfig           0x800'83e3   0xd8  Code  Lc  stm32f1xx_hal_uart.o [1]
UsageFault_Handler       0x800'9fa1    0x2  Code  Gb  stm32f1xx_it.o [7]
W5500Init                0x800'853b   0x7c  Code  Gb  GlobalDefault.o [8]
W5500InitFlag           0x2000'0086    0x1  Data  Gb  GlobalDefault.o [8]
W5500_ReadBuff           0x800'84e5   0x18  Code  Gb  GlobalDefault.o [8]
W5500_ReadByte           0x800'8515   0x10  Code  Gb  GlobalDefault.o [8]
W5500_Select             0x800'84c5   0x10  Code  Gb  GlobalDefault.o [8]
W5500_Unselect           0x800'84d5   0x10  Code  Gb  GlobalDefault.o [8]
W5500_WriteBuff          0x800'84fd   0x18  Code  Gb  GlobalDefault.o [8]
W5500_WriteByte          0x800'8525    0xc  Code  Gb  GlobalDefault.o [8]
WIZCHIP                 0x2000'0044   0x2c  Data  Gb  wizchip_conf.o [13]
WIZCHIP_READ             0x800'1235   0x6a  Code  Gb  w5500.o [13]
WIZCHIP_READ_BUF         0x800'130b   0x8e  Code  Gb  w5500.o [13]
WIZCHIP_WRITE            0x800'129f   0x6c  Code  Gb  w5500.o [13]
WIZCHIP_WRITE_BUF        0x800'1399   0x8c  Code  Gb  w5500.o [13]
_DHCP_                  0x2000'38c0    0x1  Data  Lc  wizchip_conf.o [13]
_DNS_                   0x2000'382c    0x4  Data  Lc  wizchip_conf.o [13]
_LitobFullNoMb           0x800'3185  0x10c  Code  Lc  xprintffull_nomb.o [14]
_PrintfFullNoMb          0x800'246d  0xce8  Code  Gb  xprintffull_nomb.o [14]
_PutcharFullNoMb         0x800'32e9   0x20  Code  Lc  xprintffull_nomb.o [14]
_PutcharsFullNoMb        0x800'3309   0x2e  Code  Lc  xprintffull_nomb.o [14]
_SProut                  0x800'2463    0xa  Code  Gb  xsprout.o [14]
__NVIC_EnableIRQ         0x800'6ee5   0x1e  Code  Lc  stm32f1xx_hal_cortex.o [1]
__NVIC_GetPriorityGrouping
                         0x800'6edb    0xa  Code  Lc  stm32f1xx_hal_cortex.o [1]
__NVIC_SetPriority       0x800'6f03   0x2c  Code  Lc  stm32f1xx_hal_cortex.o [1]
__NVIC_SetPriorityGrouping
                         0x800'6ebd   0x1e  Code  Lc  stm32f1xx_hal_cortex.o [1]
__aeabi_cdcmple          0x800'3581         Code  Gb  DblCmpLe.o [15]
__aeabi_cdrcmple         0x800'35b5         Code  Gb  DblCmpGe.o [15]
__aeabi_d2iz             0x800'3725         Code  Gb  DblToS32.o [15]
__aeabi_d2uiz            0x800'3c19         Code  Gb  DblToU32.o [15]
__aeabi_ddiv             0x800'39d1         Code  Gb  DblDiv.o [15]
__aeabi_dmul             0x800'3c59         Code  Gb  DblMul.o [15]
__aeabi_dsub             0x800'38ed         Code  Gb  DblAddSub.o [15]
__aeabi_i2d              0x800'375d         Code  Gb  S32ToDbl.o [15]
__aeabi_ldiv0            0x800'403d         Code  Gb  I64DivZer.o [16]
__aeabi_memcpy           0x800'3469         Code  Gb  ABImemcpy.o [16]
__aeabi_memcpy4          0x800'3489         Code  Gb  ABImemcpy.o [16]
__aeabi_memcpy8          0x800'3489         Code  Gb  ABImemcpy.o [16]
__aeabi_memset           0x800'23fd         Code  Gb  ABImemset.o [16]
__aeabi_ui2d             0x800'3c3d         Code  Gb  U32ToDbl.o [15]
__aeabi_uldivmod         0x800'3e05         Code  Gb  I64DivMod.o [16]
__cmain                  0x800'a171         Code  Gb  cmain.o [16]
__dwrite                 0x800'9f11   0x1e  Code  Gb  dwrite.o [17]
__exit                   0x800'4041   0x14  Code  Gb  exit.o [17]
__iar_Fail_s             0x800'3399   0x1c  Code  Gb  xfail_s.o [14]
__iar_Memchr             0x800'3411         Code  Gb  memchr.o [16]
__iar_Memset             0x800'23fd         Code  Gb  ABImemset.o [16]
__iar_Memset_word        0x800'2405         Code  Gb  ABImemset.o [16]
__iar_Strchr             0x800'3381         Code  Gb  strchr.o [16]
__iar_close_ttio         0x800'4055   0x2c  Code  Gb  iarttio.o [17]
__iar_data_init3         0x800'a0e1   0x28  Code  Gb  data_init.o [16]
__iar_frexp              0x800'351d         Code  Gb  frexp.o [15]
__iar_frexp64            0x800'3511         Code  Gb  frexp.o [15]
__iar_frexpl             0x800'351d         Code  Gb  frexp.o [15]
__iar_get_ttio           0x800'4081   0x4c  Code  Gb  iarttio.o [17]
__iar_ldexp64            0x800'35e9         Code  Gb  ldexp.o [15]
__iar_lookup_ttioh       0x800'40d1    0x8  Code  Gb  XShttio.o [14]
__iar_packbits_init_single3
                         0x800'16df   0x3a  Code  Gb  packbits_init_single.o [16]
__iar_program_start      0x800'a1c1         Code  Gb  cstartup_M.o [16]
__iar_scalbln64          0x800'35e9         Code  Gb  ldexp.o [15]
__iar_scalbn64           0x800'35e9         Code  Gb  ldexp.o [15]
__iar_sh_stdout          0x800'9f57   0x20  Code  Gb  iarwstd.o [17]
__iar_sh_write           0x800'9f77   0x22  Code  Gb  iarwrite.o [17]
__iar_ttio_handles      0x2000'007c    0x8  Data  Lc  XShttio.o [14]
__iar_zero_init3         0x800'a0a9   0x38  Code  Gb  zero_init3.o [16]
__low_level_init         0x800'a18f    0x4  Code  Gb  low_level_init.o [14]
__vector_table           0x800'0000         Data  Gb  startup_stm32f103xb.o [2]
__write                  0x800'95c1   0x10  Code  Gb  write.o [17]
_call_main               0x800'a17d         Code  Gb  cmain.o [16]
_exit                    0x800'a199         Code  Gb  cexit.o [16]
abort                    0x800'4035    0x6  Code  Gb  abort.o [14]
buf                     0x2000'318c   0x64  Data  Gb  MQTTDrive.o [8]
bufchar                  0x800'9667   0x24  Code  Gb  MQTTPacket.o [12]
bufptr                  0x2000'3824    0x4  Data  Lc  MQTTPacket.o [12]
c                       0x2000'31f0   0x5c  Data  Gb  MQTTDrive.o [8]
check_DHCP_leasedIP      0x800'1051   0x56  Code  Gb  dhcp.o [9]
check_DHCP_timeout       0x800'0fcd   0x84  Code  Gb  dhcp.o [9]
close                    0x800'18a7   0x9a  Code  Gb  socket.o [13]
connect                  0x800'1941  0x158  Code  Gb  socket.o [13]
cycle                    0x800'9155  0x15e  Code  Gb  MQTTClient.o [11]
decodePacket             0x800'8ef9   0x5e  Code  Lc  MQTTClient.o [11]
default_ip_assign        0x800'00ed   0x2e  Code  Gb  dhcp.o [9]
default_ip_conflict      0x800'013f   0x20  Code  Gb  dhcp.o [9]
default_ip_update        0x800'011b   0x24  Code  Gb  dhcp.o [9]
deliverMessage           0x800'9067   0x92  Code  Gb  MQTTClient.o [11]
dhcp_buffer             0x2000'20ec  0x400  Data  Gb  GlobalDefault.o [8]
dhcp_counter            0x2000'3820    0x4  Data  Gb  MQTTDrive.o [8]
dhcp_ip_assign          0x2000'0010    0x4  Data  Gb  dhcp.o [9]
dhcp_ip_conflict        0x2000'0018    0x4  Data  Gb  dhcp.o [9]
dhcp_ip_update          0x2000'0014    0x4  Data  Gb  dhcp.o [9]
dhcp_lease_time         0x2000'0000    0x4  Data  Gb  dhcp.o [9]
dhcp_retry_count        0x2000'38b8    0x1  Data  Gb  dhcp.o [9]
dhcp_state              0x2000'38b7    0x1  Data  Gb  dhcp.o [9]
dhcp_tick_1s            0x2000'3804    0x4  Data  Gb  dhcp.o [9]
dhcp_tick_next          0x2000'0004    0x4  Data  Gb  dhcp.o [9]
disconnect               0x800'1a99   0xae  Code  Gb  socket.o [13]
dns                     0x2000'3814    0x4  Data  Gb  GlobalDefault.o [8]
dns_buffer              0x2000'24ec  0x400  Data  Gb  GlobalDefault.o [8]
exit                     0x800'a193    0x4  Code  Gb  exit.o [14]
frexp                    0x800'3511         Code  Gb  frexp.o [15]
frexpl                   0x800'3511         Code  Gb  frexp.o [15]
getDNSfromDHCP           0x800'11bd   0x14  Code  Gb  dhcp.o [9]
getGWfromDHCP            0x800'1195   0x14  Code  Gb  dhcp.o [9]
getIPfromDHCP            0x800'1181   0x14  Code  Gb  dhcp.o [9]
getNextPacketId          0x800'8e1f   0x18  Code  Lc  MQTTClient.o [11]
getSNfromDHCP            0x800'11a9   0x14  Code  Gb  dhcp.o [9]
getSn_RX_RSR             0x800'14af   0x86  Code  Gb  w5500.o [13]
getSn_TX_FSR             0x800'1429   0x86  Code  Gb  w5500.o [13]
hdma_spi2_rx            0x2000'35d4   0x44  Data  Gb  main.o [7]
hdma_spi2_tx            0x2000'3618   0x44  Data  Gb  main.o [7]
hspi2                   0x2000'33bc   0x58  Data  Gb  main.o [7]
htim1                   0x2000'34fc   0x48  Data  Gb  main.o [7]
htim4                   0x2000'358c   0x48  Data  Gb  stm32f1xx_hal_timebase_tim.o [7]
huart1                  0x2000'3544   0x48  Data  Gb  main.o [7]
ip_assigned             0x2000'38ba    0x1  Data  Gb  GlobalDefault.o [8]
isTopicMatched           0x800'8fef   0x78  Code  Lc  MQTTClient.o [11]
keepalive                0x800'90f9   0x5c  Code  Gb  MQTTClient.o [11]
ldexp                    0x800'35e9         Code  Gb  ldexp.o [15]
ldexpl                   0x800'35e9         Code  Gb  ldexp.o [15]
main                     0x800'7435   0x6a  Code  Gb  main.o [7]
makeDHCPMSG              0x800'019b  0x15a  Code  Gb  dhcp.o [9]
memchr                   0x800'3411         Code  Gb  memchr.o [16]
memset                   0x800'23e9   0x14  Code  Gb  memset.o [16]
message                 0x2000'381c    0x4  Data  Gb  MQTTDrive.o [8]
messageArrived           0x800'863d   0x2c  Code  Gb  MQTTDrive.o [8]
mqtt_flag               0x2000'38bb    0x1  Data  Gb  MQTTDrive.o [8]
mqtt_push_counter       0x2000'38bc    0x1  Data  Gb  MQTTDrive.o [8]
msTick_Handler           0x800'8669   0x38  Code  Gb  MQTTDrive.o [8]
n                       0x2000'37a0   0x10  Data  Gb  MQTTDrive.o [8]
net_info                0x2000'0024   0x18  Data  Gb  GlobalDefault.o [8]
osDelay                  0x800'5191   0x3c  Code  Gb  cmsis_os2.o [4]
osKernelInitialize       0x800'500d   0x3c  Code  Gb  cmsis_os2.o [4]
osKernelStart            0x800'5049   0x42  Code  Gb  cmsis_os2.o [4]
osMessageQueueGet        0x800'54a5   0xae  Code  Gb  cmsis_os2.o [4]
osMessageQueueGetCount   0x800'5553   0x3e  Code  Gb  cmsis_os2.o [4]
osMessageQueueNew        0x800'531d   0xd0  Code  Gb  cmsis_os2.o [4]
osMessageQueuePut        0x800'53ed   0xb2  Code  Gb  cmsis_os2.o [4]
osThreadNew              0x800'508b  0x106  Code  Gb  cmsis_os2.o [4]
osTimerNew               0x800'51e5   0xd6  Code  Gb  cmsis_os2.o [4]
osTimerStart             0x800'52c1   0x58  Code  Gb  cmsis_os2.o [4]
pDHCPMSG                0x2000'380c    0x4  Data  Gb  dhcp.o [9]
pDNSMSG                 0x2000'3810    0x4  Data  Gb  dns.o [10]
parseDHCPMSG             0x800'0b6f  0x27c  Code  Gb  dhcp.o [9]
pcInterruptPriorityRegisters
                         0x800'a2e4    0x4  Data  Lc  port.o [5]
prvAddCurrentTaskToDelayedList
                         0x800'4a8d   0x6c  Code  Lc  tasks.o [3]
prvAddNewTaskToReadyList
                         0x800'42c3   0x9e  Code  Lc  tasks.o [3]
prvCheckForValidListAndQueue
                         0x800'5ab5   0x4c  Code  Lc  timers.o [3]
prvCheckForValidListAndQueue{1}{2}{3}{4}::ucStaticTimerQueueStorage
                        0x2000'30ec   0xa0  Data  Lc  timers.o [3]
prvCheckForValidListAndQueue{1}{2}{3}{4}::xStaticTimerQueue
                        0x2000'3414   0x50  Data  Lc  timers.o [3]
prvCheckTasksWaitingTermination
                         0x800'490b   0x3e  Code  Lc  tasks.o [3]
prvCopyDataFromQueue     0x800'637d   0x36  Code  Lc  queue.o [3]
prvCopyDataToQueue       0x800'62e1   0x9c  Code  Lc  queue.o [3]
prvDeleteTCB             0x800'494d   0x44  Code  Lc  tasks.o [3]
prvGetNextExpireTime     0x800'587f   0x2a  Code  Lc  timers.o [3]
prvHeapInit              0x800'4cc1   0x62  Code  Lc  heap_4.o [6]
prvIdleTask              0x800'488d   0x24  Code  Lc  tasks.o [3]
prvInitialiseNewQueue    0x800'5dc5   0x36  Code  Lc  queue.o [3]
prvInitialiseNewTask     0x800'41e3   0xe0  Code  Lc  tasks.o [3]
prvInitialiseNewTimer    0x800'56cb   0x46  Code  Lc  timers.o [3]
prvInitialiseTaskLists   0x800'48b5   0x56  Code  Lc  tasks.o [3]
prvInsertBlockIntoFreeList
                         0x800'4d23   0x5e  Code  Lc  heap_4.o [6]
prvInsertTimerInActiveList
                         0x800'58d1   0x50  Code  Lc  timers.o [3]
prvIsQueueEmpty          0x800'6421   0x1c  Code  Lc  queue.o [3]
prvIsQueueFull           0x800'643d   0x1e  Code  Lc  queue.o [3]
prvProcessExpiredTimer   0x800'5793   0x5c  Code  Lc  timers.o [3]
prvProcessReceivedCommands
                         0x800'5921  0x108  Code  Lc  timers.o [3]
prvProcessTimerOrBlockTask
                         0x800'580b   0x74  Code  Lc  timers.o [3]
prvResetNextTaskUnblockTime
                         0x800'4991   0x26  Code  Lc  tasks.o [3]
prvSampleTimeNow         0x800'58a9   0x28  Code  Lc  timers.o [3]
prvSampleTimeNow::xLastTime
                        0x2000'3890    0x4  Data  Lc  timers.o [3]
prvSwitchTimerLists      0x800'5a29   0x8c  Code  Lc  timers.o [3]
prvTaskExitError         0x800'4e5d   0x2a  Code  Lc  port.o [5]
prvTimerTask             0x800'57f1   0x1a  Code  Lc  timers.o [3]
prvUnlockQueue           0x800'63b3   0x6e  Code  Lc  queue.o [3]
putchar                  0x800'8cc5   0x20  Code  Gb  putchar.o [14]
pvPortMalloc             0x800'4b2d  0x120  Code  Gb  heap_4.o [6]
pvTimerGetTimerID        0x800'5b01   0x28  Code  Gb  timers.o [3]
pxCurrentTCB            0x2000'3844    0x4  Data  Gb  tasks.o [3]
pxCurrentTimerList      0x2000'3880    0x4  Data  Lc  timers.o [3]
pxDelayedTaskList       0x2000'3848    0x4  Data  Lc  tasks.o [3]
pxEnd                   0x2000'3898    0x4  Data  Lc  heap_4.o [6]
pxOverflowDelayedTaskList
                        0x2000'384c    0x4  Data  Lc  tasks.o [3]
pxOverflowTimerList     0x2000'3884    0x4  Data  Lc  timers.o [3]
pxPortInitialiseStack    0x800'4e3d   0x20  Code  Gb  port.o [5]
pxReadyTasksLists       0x2000'1c8c  0x460  Data  Lc  tasks.o [3]
readChar                 0x800'96bb   0x10  Code  Gb  MQTTPacket.o [12]
readInt                  0x800'969f   0x1c  Code  Gb  MQTTPacket.o [12]
readMQTTLenString        0x800'977b   0x3c  Code  Gb  MQTTPacket.o [12]
readPacket               0x800'8f57   0x98  Code  Lc  MQTTClient.o [11]
recv                     0x800'1cf7  0x150  Code  Gb  socket.o [13]
recvfrom                 0x800'2067  0x36c  Code  Gb  socket.o [13]
reg_dhcp_cbfunc          0x800'015f   0x3c  Code  Gb  dhcp.o [9]
reg_wizchip_cs_cbfunc    0x800'8aa7   0x28  Code  Gb  wizchip_conf.o [13]
reg_wizchip_spi_cbfunc   0x800'8acf   0x2a  Code  Gb  wizchip_conf.o [13]
reg_wizchip_spiburst_cbfunc
                         0x800'8af9   0x2a  Code  Gb  wizchip_conf.o [13]
reset_DHCP_timeout       0x800'1163   0x14  Code  Gb  dhcp.o [9]
rx_tx_buff_sizes        0x2000'001c    0x8  Data  Gb  GlobalDefault.o [8]
scalbln                  0x800'35e9         Code  Gb  ldexp.o [15]
scalblnl                 0x800'35e9         Code  Gb  ldexp.o [15]
scalbn                   0x800'35e9         Code  Gb  ldexp.o [15]
scalbnl                  0x800'35e9         Code  Gb  ldexp.o [15]
scale                    0x800'3291   0x46  Code  Lc  xprintffull_nomb.o [14]
sec_hand                0x2000'38ac    0x4  Data  Lc  xfail_s.o [14]
send                     0x800'1b47  0x1b0  Code  Gb  socket.o [13]
sendPacket               0x800'8e37   0x64  Code  Lc  MQTTClient.o [11]
send_DHCP_DECLINE        0x800'097d  0x1f2  Code  Gb  dhcp.o [9]
send_DHCP_DISCOVER       0x800'02f5  0x2ca  Code  Gb  dhcp.o [9]
send_DHCP_REQUEST        0x800'05bf  0x3be  Code  Gb  dhcp.o [9]
sendto                   0x800'1e47  0x220  Code  Gb  socket.o [13]
sock_any_port           0x2000'0084    0x2  Data  Lc  socket.o [13]
sock_io_mode            0x2000'38b2    0x2  Data  Lc  socket.o [13]
sock_is_sending         0x2000'38b4    0x2  Data  Lc  socket.o [13]
sock_pack_info          0x2000'37d8    0x8  Data  Gb  socket.o [13]
sock_remained_size      0x2000'37c0   0x10  Data  Lc  socket.o [13]
socket                   0x800'1719  0x18e  Code  Gb  socket.o [13]
sprintf                  0x800'85fd   0x40  Code  Gb  sprintf.o [14]
strchr                   0x800'3381         Code  Gb  strchr.o [16]
strlen                   0x800'33d9         Code  Gb  strlen.o [16]
strncmp                  0x800'9f2f   0x28  Code  Gb  strncmp.o [14]
targetIP                0x2000'003c    0x4  Data  Gb  MQTTDrive.o [8]
tempBuffer              0x2000'0c8c  0x800  Data  Gb  MQTTDrive.o [8]
ucHeap                  0x2000'008c  0xc00  Data  Lc  heap_4.o [6]
ucMaxSysCallPriority    0x2000'38c2    0x1  Data  Lc  port.o [5]
ulMaxPRIGROUPValue      0x2000'38a8    0x4  Data  Lc  port.o [5]
uwTick                  0x2000'3840    0x4  Data  Gb  stm32f1xx_hal.o [1]
uwTickFreq              0x2000'0089    0x1  Data  Gb  stm32f1xx_hal.o [1]
uwTickPrio              0x2000'0070    0x4  Data  Gb  stm32f1xx_hal.o [1]
uxCriticalNesting       0x2000'0078    0x4  Data  Lc  port.o [5]
uxCurrentNumberOfTasks  0x2000'3854    0x4  Data  Lc  tasks.o [3]
uxDeletedTasksWaitingCleanUp
                        0x2000'3850    0x4  Data  Lc  tasks.o [3]
uxListRemove             0x800'4e13   0x28  Code  Gb  list.o [3]
uxPendedTicks           0x2000'3864    0x4  Data  Lc  tasks.o [3]
uxQueueMessagesWaiting   0x800'62a1   0x26  Code  Gb  queue.o [3]
uxQueueMessagesWaitingFromISR
                         0x800'62c7   0x1a  Code  Gb  queue.o [3]
uxSchedulerSuspended    0x2000'387c    0x4  Data  Lc  tasks.o [3]
uxTaskNumber            0x2000'3870    0x4  Data  Lc  tasks.o [3]
uxTopReadyPriority      0x2000'385c    0x4  Data  Lc  tasks.o [3]
vApplicationGetIdleTaskMemory
                         0x800'5591    0xe  Code  Gb  cmsis_os2.o [4]
vApplicationGetTimerTaskMemory
                         0x800'559f   0x10  Code  Gb  cmsis_os2.o [4]
vListInitialise          0x800'4da1   0x1e  Code  Gb  list.o [3]
vListInitialiseItem      0x800'4dbf    0x6  Code  Gb  list.o [3]
vListInsert              0x800'4ddd   0x36  Code  Gb  list.o [3]
vListInsertEnd           0x800'4dc5   0x18  Code  Gb  list.o [3]
vPortEnterCritical       0x800'4f15   0x34  Code  Gb  port.o [5]
vPortExitCritical        0x800'4f49   0x2c  Code  Gb  port.o [5]
vPortFree                0x800'4c4d   0x74  Code  Gb  heap_4.o [6]
vPortStartFirstTask      0x800'5bf3         Code  Gb  portasm.o [5]
vPortValidateInterruptPriority
                         0x800'4f9d   0x4e  Code  Gb  port.o [5]
vQueueAddToRegistry      0x800'645b   0x26  Code  Gb  queue.o [3]
vQueueWaitForMessageRestricted
                         0x800'6485   0x4c  Code  Gb  queue.o [3]
vTaskDelay               0x800'4361   0x4e  Code  Gb  tasks.o [3]
vTaskInternalSetTimeOutState
                         0x800'47d9   0x12  Code  Gb  tasks.o [3]
vTaskMissedYield         0x800'487f    0xa  Code  Gb  tasks.o [3]
vTaskPlaceOnEventList    0x800'46c1   0x34  Code  Gb  tasks.o [3]
vTaskPlaceOnEventListRestricted
                         0x800'4701   0x40  Code  Gb  tasks.o [3]
vTaskStartScheduler      0x800'43af   0x9a  Code  Gb  tasks.o [3]
vTaskSuspendAll          0x800'4449    0xc  Code  Gb  tasks.o [3]
vTaskSwitchContext       0x800'464f   0x72  Code  Gb  tasks.o [3]
w5x00_disconnect         0x800'8dc9    0xe  Code  Gb  mqtt_interface.o [11]
w5x00_read               0x800'8d55   0x3e  Code  Gb  mqtt_interface.o [11]
w5x00_write              0x800'8d95   0x32  Code  Gb  mqtt_interface.o [11]
waitfor                  0x800'92e1   0x28  Code  Gb  MQTTClient.o [11]
wiz_recv_data            0x800'15d3   0x9e  Code  Gb  w5500.o [13]
wiz_recv_ignore          0x800'1671   0x6e  Code  Gb  w5500.o [13]
wiz_send_data            0x800'1535   0x9e  Code  Gb  w5500.o [13]
wizchip_bus_readdata     0x800'8a95    0x4  Code  Gb  wizchip_conf.o [13]
wizchip_bus_writedata    0x800'8a99    0x4  Code  Gb  wizchip_conf.o [13]
wizchip_cris_enter       0x800'8a8d    0x2  Code  Gb  wizchip_conf.o [13]
wizchip_cris_exit        0x800'8a8f    0x2  Code  Gb  wizchip_conf.o [13]
wizchip_cs_deselect      0x800'8a93    0x2  Code  Gb  wizchip_conf.o [13]
wizchip_cs_select        0x800'8a91    0x2  Code  Gb  wizchip_conf.o [13]
wizchip_init             0x800'8b99   0xb4  Code  Gb  wizchip_conf.o [13]
wizchip_setnetinfo       0x800'8c4d   0x52  Code  Gb  wizchip_conf.o [13]
wizchip_spi_readburst    0x800'8aa3    0x2  Code  Gb  wizchip_conf.o [13]
wizchip_spi_readbyte     0x800'8a9d    0x4  Code  Gb  wizchip_conf.o [13]
wizchip_spi_writeburst   0x800'8aa5    0x2  Code  Gb  wizchip_conf.o [13]
wizchip_spi_writebyte    0x800'8aa1    0x2  Code  Gb  wizchip_conf.o [13]
wizchip_sw_reset         0x800'8b23   0x76  Code  Gb  wizchip_conf.o [13]
writeCString             0x800'9701   0x34  Code  Gb  MQTTPacket.o [12]
writeChar                0x800'96cb    0xc  Code  Gb  MQTTPacket.o [12]
writeInt                 0x800'96d7   0x2a  Code  Gb  MQTTPacket.o [12]
writeMQTTString          0x800'9735   0x46  Code  Gb  MQTTPacket.o [12]
xActiveTimerList1       0x2000'3778   0x14  Data  Lc  timers.o [3]
xActiveTimerList2       0x2000'378c   0x14  Data  Lc  timers.o [3]
xBlockAllocatedBit      0x2000'38a4    0x4  Data  Lc  heap_4.o [6]
xDelayedTaskList1       0x2000'3714   0x14  Data  Lc  tasks.o [3]
xDelayedTaskList2       0x2000'3728   0x14  Data  Lc  tasks.o [3]
xFreeBytesRemaining     0x2000'389c    0x4  Data  Lc  heap_4.o [6]
xHeapStructSize          0x800'a2e0    0x4  Data  Lc  heap_4.o [6]
xIdleTaskHandle         0x2000'3878    0x4  Data  Lc  tasks.o [3]
xMinimumEverFreeBytesRemaining
                        0x2000'38a0    0x4  Data  Lc  heap_4.o [6]
xNextTaskUnblockTime    0x2000'3874    0x4  Data  Lc  tasks.o [3]
xNumOfOverflows         0x2000'386c    0x4  Data  Lc  tasks.o [3]
xPendingReadyList       0x2000'373c   0x14  Data  Lc  tasks.o [3]
xPortStartScheduler      0x800'4e87   0x8e  Code  Gb  port.o [5]
xQueueGenericCreate      0x800'5d69   0x5c  Code  Gb  queue.o [3]
xQueueGenericCreateStatic
                         0x800'5ca9   0xc0  Code  Gb  queue.o [3]
xQueueGenericReset       0x800'5c15   0x94  Code  Gb  queue.o [3]
xQueueGenericSend        0x800'5dfb  0x1a6  Code  Gb  queue.o [3]
xQueueGenericSendFromISR
                         0x800'5fa1   0xe0  Code  Gb  queue.o [3]
xQueueReceive            0x800'6081  0x16a  Code  Gb  queue.o [3]
xQueueReceiveFromISR     0x800'61f1   0xb0  Code  Gb  queue.o [3]
xQueueRegistry          0x2000'365c   0x40  Data  Gb  queue.o [3]
xSchedulerRunning       0x2000'3860    0x4  Data  Lc  tasks.o [3]
xStart                  0x2000'37e0    0x8  Data  Lc  heap_4.o [6]
xSuspendedTaskList      0x2000'3764   0x14  Data  Lc  tasks.o [3]
xTaskCheckForTimeOut     0x800'47f1   0x8e  Code  Gb  tasks.o [3]
xTaskCreate              0x800'4171   0x72  Code  Gb  tasks.o [3]
xTaskCreateStatic        0x800'40d9   0x98  Code  Gb  tasks.o [3]
xTaskGetSchedulerState   0x800'49b7   0x20  Code  Gb  tasks.o [3]
xTaskGetTickCount        0x800'453d    0x8  Code  Gb  tasks.o [3]
xTaskIncrementTick       0x800'4545  0x10a  Code  Gb  tasks.o [3]
xTaskPriorityDisinherit
                         0x800'49d7   0x8e  Code  Gb  tasks.o [3]
xTaskRemoveFromEventList
                         0x800'474d   0x82  Code  Gb  tasks.o [3]
xTaskResumeAll           0x800'4455   0xe8  Code  Gb  tasks.o [3]
xTasksWaitingTermination
                        0x2000'3750   0x14  Data  Lc  tasks.o [3]
xTickCount              0x2000'3858    0x4  Data  Lc  tasks.o [3]
xTimerCreate             0x800'5635   0x36  Code  Gb  timers.o [3]
xTimerCreateStatic       0x800'566b   0x60  Code  Gb  timers.o [3]
xTimerCreateTimerTask    0x800'55c9   0x6c  Code  Gb  timers.o [3]
xTimerGenericCommand     0x800'5711   0x82  Code  Gb  timers.o [3]
xTimerQueue             0x2000'3888    0x4  Data  Lc  timers.o [3]
xTimerTaskHandle        0x2000'388c    0x4  Data  Lc  timers.o [3]
xYieldPending           0x2000'3868    0x4  Data  Lc  tasks.o [3]


[1] = C:\MyProjects\HomeController2\W5500Project\VSProject\MyMQTTProject\VisualGDB\Debug\_2_\Drivers\STM32F1xx_HAL_Driver\Src
[2] = C:\MyProjects\HomeController2\W5500Project\VSProject\MyMQTTProject\VisualGDB\Debug\_2_\EWARM
[3] = C:\MyProjects\HomeController2\W5500Project\VSProject\MyMQTTProject\VisualGDB\Debug\_2_\Middlewares\Third_Party\FreeRTOS\Source
[4] = C:\MyProjects\HomeController2\W5500Project\VSProject\MyMQTTProject\VisualGDB\Debug\_2_\Middlewares\Third_Party\FreeRTOS\Source\CMSIS_RTOS_V2
[5] = C:\MyProjects\HomeController2\W5500Project\VSProject\MyMQTTProject\VisualGDB\Debug\_2_\Middlewares\Third_Party\FreeRTOS\Source\portable\IAR\ARM_CM3
[6] = C:\MyProjects\HomeController2\W5500Project\VSProject\MyMQTTProject\VisualGDB\Debug\_2_\Middlewares\Third_Party\FreeRTOS\Source\portable\MemMang
[7] = C:\MyProjects\HomeController2\W5500Project\VSProject\MyMQTTProject\VisualGDB\Debug\_2_\Src
[8] = C:\MyProjects\HomeController2\W5500Project\VSProject\MyMQTTProject\VisualGDB\Debug\_3_\MyLibraries
[9] = C:\MyProjects\HomeController2\W5500Project\VSProject\MyMQTTProject\VisualGDB\Debug\_3_\MyLibraries\DHCP
[10] = C:\MyProjects\HomeController2\W5500Project\VSProject\MyMQTTProject\VisualGDB\Debug\_3_\MyLibraries\DNS
[11] = C:\MyProjects\HomeController2\W5500Project\VSProject\MyMQTTProject\VisualGDB\Debug\_3_\MyLibraries\MQTT
[12] = C:\MyProjects\HomeController2\W5500Project\VSProject\MyMQTTProject\VisualGDB\Debug\_3_\MyLibraries\MQTT\MQTTPacket\src
[13] = C:\MyProjects\HomeController2\W5500Project\VSProject\MyMQTTProject\VisualGDB\Debug\_3_\MyLibraries\W5500
[14] = dl7M_tln.a
[15] = m7M_tl.a
[16] = rt7M_tl.a
[17] = shb_l.a

  41'298 bytes of readonly  code memory
     668 bytes of readonly  data memory
  15'553 bytes of readwrite data memory

Errors: none
Warnings: none
