###############################################################################
#
# IAR ELF Linker V9.20.1.318/W64 for ARM                  28/Dec/2023  14:14:57
# Copyright 2007-2021 IAR Systems AB.
#
#    Output file  =
#        D:\PDF\Prog\MyMQTTPoject\EWARM\ProjectW5500\Exe\ProjectW5500.out
#    Map file     =
#        D:\PDF\Prog\MyMQTTPoject\EWARM\ProjectW5500\List\ProjectW5500.map
#    Command line =
#        -f
#        D:\PDF\Prog\MyMQTTPoject\EWARM\ProjectW5500\Exe\ProjectW5500.out.rsp
#        (D:\PDF\Prog\MyMQTTPoject\EWARM\ProjectW5500\Obj\Middlewares\FreeRTOS\cmsis_os2.o
#        D:\PDF\Prog\MyMQTTPoject\EWARM\ProjectW5500\Obj\Middlewares\FreeRTOS\croutine.o
#        D:\PDF\Prog\MyMQTTPoject\EWARM\ProjectW5500\Obj\Application\User\dhcp.o
#        D:\PDF\Prog\MyMQTTPoject\EWARM\ProjectW5500\Obj\Application\User\dns.o
#        D:\PDF\Prog\MyMQTTPoject\EWARM\ProjectW5500\Obj\Middlewares\FreeRTOS\event_groups.o
#        D:\PDF\Prog\MyMQTTPoject\EWARM\ProjectW5500\Obj\Application\User\freertos.o
#        D:\PDF\Prog\MyMQTTPoject\EWARM\ProjectW5500\Obj\Application\User\GlobalDefault.o
#        D:\PDF\Prog\MyMQTTPoject\EWARM\ProjectW5500\Obj\Middlewares\FreeRTOS\heap_4.o
#        D:\PDF\Prog\MyMQTTPoject\EWARM\ProjectW5500\Obj\Middlewares\FreeRTOS\list.o
#        D:\PDF\Prog\MyMQTTPoject\EWARM\ProjectW5500\Obj\Application\User\main.o
#        D:\PDF\Prog\MyMQTTPoject\EWARM\ProjectW5500\Obj\Application\User\mqtt_interface.o
#        D:\PDF\Prog\MyMQTTPoject\EWARM\ProjectW5500\Obj\Application\User\MQTTClient.o
#        D:\PDF\Prog\MyMQTTPoject\EWARM\ProjectW5500\Obj\Application\User\MQTTConnectClient.o
#        D:\PDF\Prog\MyMQTTPoject\EWARM\ProjectW5500\Obj\Application\User\MQTTConnectServer.o
#        D:\PDF\Prog\MyMQTTPoject\EWARM\ProjectW5500\Obj\Application\User\MQTTDeserializePublish.o
#        D:\PDF\Prog\MyMQTTPoject\EWARM\ProjectW5500\Obj\Application\User\MQTTDrive.o
#        D:\PDF\Prog\MyMQTTPoject\EWARM\ProjectW5500\Obj\Application\User\MQTTFormat.o
#        D:\PDF\Prog\MyMQTTPoject\EWARM\ProjectW5500\Obj\Application\User\MQTTPacket.o
#        D:\PDF\Prog\MyMQTTPoject\EWARM\ProjectW5500\Obj\Application\User\MQTTSerializePublish.o
#        D:\PDF\Prog\MyMQTTPoject\EWARM\ProjectW5500\Obj\Application\User\MQTTSubscribeClient.o
#        D:\PDF\Prog\MyMQTTPoject\EWARM\ProjectW5500\Obj\Application\User\MQTTSubscribeServer.o
#        D:\PDF\Prog\MyMQTTPoject\EWARM\ProjectW5500\Obj\Application\User\MQTTUnsubscribeClient.o
#        D:\PDF\Prog\MyMQTTPoject\EWARM\ProjectW5500\Obj\Application\User\MQTTUnsubscribeServer.o
#        D:\PDF\Prog\MyMQTTPoject\EWARM\ProjectW5500\Obj\Middlewares\FreeRTOS\port.o
#        D:\PDF\Prog\MyMQTTPoject\EWARM\ProjectW5500\Obj\Middlewares\FreeRTOS\portasm.o
#        D:\PDF\Prog\MyMQTTPoject\EWARM\ProjectW5500\Obj\Middlewares\FreeRTOS\queue.o
#        D:\PDF\Prog\MyMQTTPoject\EWARM\ProjectW5500\Obj\Application\User\socket.o
#        D:\PDF\Prog\MyMQTTPoject\EWARM\ProjectW5500\Obj\Application\EWARM\startup_stm32f103xb.o
#        D:\PDF\Prog\MyMQTTPoject\EWARM\ProjectW5500\Obj\Drivers\STM32F1xx_HAL_Driver\stm32f1xx_hal.o
#        D:\PDF\Prog\MyMQTTPoject\EWARM\ProjectW5500\Obj\Drivers\STM32F1xx_HAL_Driver\stm32f1xx_hal_cortex.o
#        D:\PDF\Prog\MyMQTTPoject\EWARM\ProjectW5500\Obj\Drivers\STM32F1xx_HAL_Driver\stm32f1xx_hal_dma.o
#        D:\PDF\Prog\MyMQTTPoject\EWARM\ProjectW5500\Obj\Drivers\STM32F1xx_HAL_Driver\stm32f1xx_hal_exti.o
#        D:\PDF\Prog\MyMQTTPoject\EWARM\ProjectW5500\Obj\Drivers\STM32F1xx_HAL_Driver\stm32f1xx_hal_flash.o
#        D:\PDF\Prog\MyMQTTPoject\EWARM\ProjectW5500\Obj\Drivers\STM32F1xx_HAL_Driver\stm32f1xx_hal_flash_ex.o
#        D:\PDF\Prog\MyMQTTPoject\EWARM\ProjectW5500\Obj\Drivers\STM32F1xx_HAL_Driver\stm32f1xx_hal_gpio.o
#        D:\PDF\Prog\MyMQTTPoject\EWARM\ProjectW5500\Obj\Drivers\STM32F1xx_HAL_Driver\stm32f1xx_hal_gpio_ex.o
#        D:\PDF\Prog\MyMQTTPoject\EWARM\ProjectW5500\Obj\Application\User\stm32f1xx_hal_msp.o
#        D:\PDF\Prog\MyMQTTPoject\EWARM\ProjectW5500\Obj\Drivers\STM32F1xx_HAL_Driver\stm32f1xx_hal_pwr.o
#        D:\PDF\Prog\MyMQTTPoject\EWARM\ProjectW5500\Obj\Drivers\STM32F1xx_HAL_Driver\stm32f1xx_hal_rcc.o
#        D:\PDF\Prog\MyMQTTPoject\EWARM\ProjectW5500\Obj\Drivers\STM32F1xx_HAL_Driver\stm32f1xx_hal_rcc_ex.o
#        D:\PDF\Prog\MyMQTTPoject\EWARM\ProjectW5500\Obj\Drivers\STM32F1xx_HAL_Driver\stm32f1xx_hal_spi.o
#        D:\PDF\Prog\MyMQTTPoject\EWARM\ProjectW5500\Obj\Drivers\STM32F1xx_HAL_Driver\stm32f1xx_hal_tim.o
#        D:\PDF\Prog\MyMQTTPoject\EWARM\ProjectW5500\Obj\Drivers\STM32F1xx_HAL_Driver\stm32f1xx_hal_tim_ex.o
#        D:\PDF\Prog\MyMQTTPoject\EWARM\ProjectW5500\Obj\Application\User\stm32f1xx_hal_timebase_tim.o
#        D:\PDF\Prog\MyMQTTPoject\EWARM\ProjectW5500\Obj\Drivers\STM32F1xx_HAL_Driver\stm32f1xx_hal_uart.o
#        D:\PDF\Prog\MyMQTTPoject\EWARM\ProjectW5500\Obj\Application\User\stm32f1xx_it.o
#        D:\PDF\Prog\MyMQTTPoject\EWARM\ProjectW5500\Obj\Middlewares\FreeRTOS\stream_buffer.o
#        D:\PDF\Prog\MyMQTTPoject\EWARM\ProjectW5500\Obj\Drivers\CMSIS\system_stm32f1xx.o
#        D:\PDF\Prog\MyMQTTPoject\EWARM\ProjectW5500\Obj\Middlewares\FreeRTOS\tasks.o
#        D:\PDF\Prog\MyMQTTPoject\EWARM\ProjectW5500\Obj\Middlewares\FreeRTOS\timers.o
#        D:\PDF\Prog\MyMQTTPoject\EWARM\ProjectW5500\Obj\Application\User\w5500.o
#        D:\PDF\Prog\MyMQTTPoject\EWARM\ProjectW5500\Obj\Application\User\wizchip_conf.o
#        --no_out_extension -o
#        D:\PDF\Prog\MyMQTTPoject\EWARM\ProjectW5500\Exe\ProjectW5500.out
#        --redirect _Printf=_PrintfFullNoMb --redirect _Scanf=_ScanfFullNoMb
#        --map
#        D:\PDF\Prog\MyMQTTPoject\EWARM\ProjectW5500\List\ProjectW5500.map
#        --config D:\PDF\Prog\MyMQTTPoject\EWARM/stm32f103xb_flash.icf
#        --semihosting --entry __iar_program_start --vfe --text_out locale)
#
###############################################################################

*******************************************************************************
*** RUNTIME MODEL ATTRIBUTES
***

CppFlavor       = *
__CPP_Runtime   = 1
__SystemLibrary = DLib
__dlib_version  = 6


*******************************************************************************
*** HEAP SELECTION
***

The basic heap was selected because no calls to memory allocation
functions were found in the application outside of system library
functions, and there are calls to deallocation functions in the
application.


*******************************************************************************
*** PLACEMENT SUMMARY
***

"A0":  place at address 0x800'0000 { ro section .intvec };
"P1":  place in [from 0x800'0000 to 0x801'ffff] { ro };
define block CSTACK with size = 1K, alignment = 8 { };
define block HEAP with size = 512, alignment = 8 { };
"P2":  place in [from 0x2000'0000 to 0x2000'4fff] {
          rw, block CSTACK, block HEAP };
initialize by copy { rw };

  Section            Kind         Address    Size  Object
  -------            ----         -------    ----  ------
"A0":                                        0xec
  .intvec            ro code   0x800'0000    0xec  startup_stm32f103xb.o [1]
                             - 0x800'00ec    0xec

"P1":                                      0x5ad0
  .text              ro code   0x800'00ec   0xb40  dhcp.o [2]
  .text              ro code   0x800'0c2c   0x2a8  w5500.o [2]
  .text              ro code   0x800'0ed4   0x7dc  socket.o [2]
  .text              ro code   0x800'16b0    0x14  memset.o [8]
  .text              ro code   0x800'16c4    0x12  ABImemset_small.o [8]
  .text              ro code   0x800'16d6    0x3a  packbits_init_single.o [8]
  .text              ro code   0x800'1710   0x764  tasks.o [5]
  .text              ro code   0x800'1e74   0x1a8  heap_4.o [5]
  .text              ro code   0x800'201c    0x3a  ABImemset48.o [8]
  .text              ro code   0x800'2056    0x92  list.o [5]
  .text              ro code   0x800'20e8   0x184  port.o [5]
  .text              ro code   0x800'226c   0x24c  cmsis_os2.o [5]
  .text              ro code   0x800'24b8   0x3dc  timers.o [5]
  .text              ro code   0x800'2894    0x28  port.o [5]
  CODE               ro code   0x800'28bc    0x88  portasm.o [5]
  .text              ro code   0x800'2944   0x58c  queue.o [5]
  .text              ro code   0x800'2ed0    0x18  ABImemcpy_small.o [8]
  .text              ro code   0x800'2ee8   0x680  stm32f1xx_hal_spi.o [4]
  .text              ro code   0x800'3568   0x1c8  stm32f1xx_hal_msp.o [2]
  .text              ro code   0x800'3730     0xc  stm32f1xx_hal.o [4]
  .text              ro code   0x800'373c    0x98  stm32f1xx_hal_cortex.o [4]
  .text              ro code   0x800'37d4   0x1e0  stm32f1xx_hal_dma.o [4]
  .text              ro code   0x800'39b4   0x2ec  main.o [2]
  .text              ro code   0x800'3ca0   0x1d8  stm32f1xx_hal_gpio.o [4]
  .text              ro code   0x800'3e78    0x24  stm32f1xx_hal.o [4]
  .text              ro code   0x800'3e9c   0x100  stm32f1xx_hal_uart.o [4]
  .text              ro code   0x800'3f9c   0x398  stm32f1xx_hal_tim.o [4]
  .text              ro code   0x800'4334    0x64  stm32f1xx_hal_tim_ex.o [4]
  .text              ro code   0x800'4398   0x4f2  stm32f1xx_hal_rcc.o [4]
  .text              ro code   0x800'488c   0x118  GlobalDefault.o [2]
  .text              ro code   0x800'49a4    0xcc  MQTTDrive.o [2]
  .text              ro code   0x800'4a70    0x10  stm32f1xx_hal.o [4]
  .text              ro code   0x800'4a80    0x9c  stm32f1xx_hal_timebase_tim.o [2]
  .text              ro code   0x800'4b1c     0x2  stm32f1xx_hal_tim.o [4]
  .text              ro code   0x800'4b1e     0x2  stm32f1xx_hal_tim.o [4]
  .text              ro code   0x800'4b20     0x2  stm32f1xx_hal_tim_ex.o [4]
  .text              ro code   0x800'4b22     0x2  stm32f1xx_hal_tim.o [4]
  .text              ro code   0x800'4b24     0x2  stm32f1xx_hal_tim_ex.o [4]
  .text              ro code   0x800'4b26     0x2  stm32f1xx_hal_tim.o [4]
  .text              ro code   0x800'4b28   0x1e0  wizchip_conf.o [2]
  .text              ro code   0x800'4d08    0x14  dns.o [2]
  .text              ro code   0x800'4d1c    0xf0  mqtt_interface.o [2]
  .text              ro code   0x800'4e0c   0x3d8  MQTTClient.o [2]
  .text              ro code   0x800'51e4   0x1d2  MQTTPacket.o [2]
  .text              ro code   0x800'53b8   0x280  MQTTConnectClient.o [2]
  .text              ro code   0x800'5638    0xf0  MQTTDeserializePublish.o [2]
  .text              ro code   0x800'5728    0x5c  MQTTSerializePublish.o [2]
  .text              ro code   0x800'5784    0x14  strlen_small.o [8]
  .text              ro code   0x800'5798    0x28  strncmp.o [6]
  .rodata            const     0x800'57c0    0x58  MQTTClient.o [2]
  .rodata            const     0x800'5818    0x58  MQTTDrive.o [2]
  .text              ro code   0x800'5870    0x4c  stm32f1xx_it.o [2]
  .rodata            const     0x800'58bc    0x48  main.o [2]
  .text              ro code   0x800'5904    0x38  zero_init3.o [8]
  .text              ro code   0x800'593c    0x2c  iarttio.o [9]
  .text              ro code   0x800'5968     0x8  XShttio.o [6]
  .text              ro code   0x800'5970    0x28  data_init.o [8]
  .iar.init_table    const     0x800'5998    0x20  - Linker created -
  .text              ro code   0x800'59b8    0x1e  cmain.o [8]
  .text              ro code   0x800'59d6     0x4  low_level_init.o [6]
  .text              ro code   0x800'59da     0x4  exit.o [6]
  .text              ro code   0x800'59e0     0xa  cexit.o [8]
  .text              ro code   0x800'59ec    0x14  exit.o [9]
  .text              ro code   0x800'5a00    0x1c  cstartup_M.o [8]
  .text              ro code   0x800'5a1c    0x14  system_stm32f1xx.o [3]
  .text              ro code   0x800'5a30    0x10  startup_stm32f103xb.o [1]
  .rodata            const     0x800'5a40     0xc  main.o [2]
  .rodata            const     0x800'5a4c     0xc  main.o [2]
  .rodata            const     0x800'5a58     0xc  main.o [2]
  .rodata            const     0x800'5a64     0x8  system_stm32f1xx.o [3]
  .text              ro code   0x800'5a6c     0x4  startup_stm32f103xb.o [1]
  .text              ro code   0x800'5a70     0x4  startup_stm32f103xb.o [1]
  .text              ro code   0x800'5a74     0x4  startup_stm32f103xb.o [1]
  .text              ro code   0x800'5a78     0x4  startup_stm32f103xb.o [1]
  .text              ro code   0x800'5a7c     0x4  startup_stm32f103xb.o [1]
  .text              ro code   0x800'5a80     0x4  startup_stm32f103xb.o [1]
  .text              ro code   0x800'5a84     0x4  startup_stm32f103xb.o [1]
  .text              ro code   0x800'5a88     0x4  startup_stm32f103xb.o [1]
  .text              ro code   0x800'5a8c     0x4  startup_stm32f103xb.o [1]
  .text              ro code   0x800'5a90     0x4  startup_stm32f103xb.o [1]
  .text              ro code   0x800'5a94     0x4  startup_stm32f103xb.o [1]
  .text              ro code   0x800'5a98     0x4  startup_stm32f103xb.o [1]
  .text              ro code   0x800'5a9c     0x4  startup_stm32f103xb.o [1]
  .text              ro code   0x800'5aa0     0x4  startup_stm32f103xb.o [1]
  .text              ro code   0x800'5aa4     0x4  startup_stm32f103xb.o [1]
  .text              ro code   0x800'5aa8     0x4  startup_stm32f103xb.o [1]
  .text              ro code   0x800'5aac     0x4  startup_stm32f103xb.o [1]
  .text              ro code   0x800'5ab0     0x4  startup_stm32f103xb.o [1]
  .text              ro code   0x800'5ab4     0x4  startup_stm32f103xb.o [1]
  .text              ro code   0x800'5ab8     0x4  startup_stm32f103xb.o [1]
  .text              ro code   0x800'5abc     0x4  startup_stm32f103xb.o [1]
  .text              ro code   0x800'5ac0     0x4  startup_stm32f103xb.o [1]
  .text              ro code   0x800'5ac4     0x4  startup_stm32f103xb.o [1]
  .text              ro code   0x800'5ac8     0x4  startup_stm32f103xb.o [1]
  .text              ro code   0x800'5acc     0x4  startup_stm32f103xb.o [1]
  .text              ro code   0x800'5ad0     0x4  startup_stm32f103xb.o [1]
  .text              ro code   0x800'5ad4     0x4  startup_stm32f103xb.o [1]
  .text              ro code   0x800'5ad8     0x4  startup_stm32f103xb.o [1]
  .text              ro code   0x800'5adc     0x4  startup_stm32f103xb.o [1]
  .text              ro code   0x800'5ae0     0x4  startup_stm32f103xb.o [1]
  .text              ro code   0x800'5ae4     0x4  startup_stm32f103xb.o [1]
  .text              ro code   0x800'5ae8     0x4  startup_stm32f103xb.o [1]
  .text              ro code   0x800'5aec     0x4  startup_stm32f103xb.o [1]
  .text              ro code   0x800'5af0     0x4  startup_stm32f103xb.o [1]
  .text              ro code   0x800'5af4     0x4  startup_stm32f103xb.o [1]
  .text              ro code   0x800'5af8     0x4  startup_stm32f103xb.o [1]
  .text              ro code   0x800'5afc     0x4  startup_stm32f103xb.o [1]
  .text              ro code   0x800'5b00     0x4  startup_stm32f103xb.o [1]
  .text              ro code   0x800'5b04     0x4  startup_stm32f103xb.o [1]
  .rodata            const     0x800'5b08     0x0  zero_init3.o [8]
  .rodata            const     0x800'5b08     0x0  packbits_init_single.o [8]
  Initializer bytes  const     0x800'5b08    0xb4  <for P2-1>
                             - 0x800'5bbc  0x5ad0

"P2", part 1 of 3:                         0x11bc
  P2-1                        0x2000'0000  0x11bc  <Init block>
    .data            inited   0x2000'0000    0x48  dhcp.o [2]
    .data            inited   0x2000'0048   0x828  GlobalDefault.o [2]
    .data            inited   0x2000'0870   0x8dc  MQTTDrive.o [2]
    .data            inited   0x2000'114c     0xc  port.o [5]
    .data            inited   0x2000'1158    0x20  socket.o [2]
    .data            inited   0x2000'1178     0xc  stm32f1xx_hal.o [4]
    .data            inited   0x2000'1184     0x4  system_stm32f1xx.o [3]
    .data            inited   0x2000'1188    0x2c  wizchip_conf.o [2]
    .data            inited   0x2000'11b4     0x8  XShttio.o [6]
                            - 0x2000'11bc  0x11bc

"P2", part 2 of 3:                         0x200c
  .bss               zero     0x2000'11bc   0xc18  heap_4.o [5]
  .bss               zero     0x2000'1dd4   0x460  tasks.o [5]
  .bss               zero     0x2000'2234   0x45c  cmsis_os2.o [5]
  .bss               zero     0x2000'2690   0x25c  cmsis_os2.o [5]
  .bss               zero     0x2000'28ec   0x200  main.o [2]
  .bss               zero     0x2000'2aec   0x200  main.o [2]
  .bss               zero     0x2000'2cec   0x12c  timers.o [5]
  .bss               zero     0x2000'2e18    0xac  main.o [2]
  .bss               zero     0x2000'2ec4    0x9c  tasks.o [5]
  .bss               zero     0x2000'2f60    0x5c  main.o [2]
  .bss               zero     0x2000'2fbc    0x5c  main.o [2]
  .bss               zero     0x2000'3018    0x48  main.o [2]
  .bss               zero     0x2000'3060    0x48  stm32f1xx_hal_timebase_tim.o [2]
  .bss               zero     0x2000'30a8    0x44  main.o [2]
  .bss               zero     0x2000'30ec    0x44  main.o [2]
  .bss               zero     0x2000'3130    0x40  queue.o [5]
  .bss               zero     0x2000'3170    0x30  main.o [2]
  .bss               zero     0x2000'31a0     0xc  dns.o [2]
  .bss               zero     0x2000'31ac     0x8  dhcp.o [2]
  .bss               zero     0x2000'31b4     0x5  wizchip_conf.o [2]
  .bss               zero     0x2000'31bc     0x4  cmsis_os2.o [5]
  .bss               zero     0x2000'31c0     0x4  mqtt_interface.o [2]
  .bss               zero     0x2000'31c4     0x4  MQTTPacket.o [2]
                            - 0x2000'31c8  0x200c

"P2", part 3 of 3:                          0x400
  CSTACK                      0x2000'31c8   0x400  <Block>
    CSTACK           uninit   0x2000'31c8   0x400  <Block tail>
                            - 0x2000'35c8   0x400

Unused ranges:

         From           To      Size
         ----           --      ----
   0x800'5bbc   0x801'ffff  0x1'a444
  0x2000'35c8  0x2000'4fff    0x1a38


*******************************************************************************
*** INIT TABLE
***

          Address      Size
          -------      ----
Zero (__iar_zero_init3)
    1 destination range, total size 0x200c:
          0x2000'11bc  0x200c

Copy/packbits (__iar_packbits_init_single3)
    1 source range, total size 0xb4 (3% of destination):
           0x800'5b08    0xb4
    1 destination range, total size 0x11bc:
          0x2000'0000  0x11bc



*******************************************************************************
*** MODULE SUMMARY
***

    Module                        ro code  ro data  rw data
    ------                        -------  -------  -------
command line/config:
    -------------------------------------------------------
    Total:

D:\PDF\Prog\MyMQTTPoject\EWARM\ProjectW5500\Obj\Application\EWARM: [1]
    startup_stm32f103xb.o             408
    -------------------------------------------------------
    Total:                            408

D:\PDF\Prog\MyMQTTPoject\EWARM\ProjectW5500\Obj\Application\User: [2]
    GlobalDefault.o                   280       83    2'088
    MQTTClient.o                      984       88
    MQTTConnectClient.o               640
    MQTTDeserializePublish.o          240
    MQTTDrive.o                       204      178    2'268
    MQTTPacket.o                      466                 4
    MQTTSerializePublish.o             92
    dhcp.o                          2'880        2       80
    dns.o                              20                12
    main.o                            748      108    1'636
    mqtt_interface.o                  240                 4
    socket.o                        2'012        1       32
    stm32f1xx_hal_msp.o               456
    stm32f1xx_hal_timebase_tim.o      156                72
    stm32f1xx_it.o                     76
    w5500.o                           680
    wizchip_conf.o                    480        2       49
    -------------------------------------------------------
    Total:                         10'654      462    6'245

D:\PDF\Prog\MyMQTTPoject\EWARM\ProjectW5500\Obj\Drivers\CMSIS: [3]
    system_stm32f1xx.o                 20        8        4
    -------------------------------------------------------
    Total:                             20        8        4

D:\PDF\Prog\MyMQTTPoject\EWARM\ProjectW5500\Obj\Drivers\STM32F1xx_HAL_Driver: [4]
    stm32f1xx_hal.o                    64                12
    stm32f1xx_hal_cortex.o            152
    stm32f1xx_hal_dma.o               480
    stm32f1xx_hal_gpio.o              472
    stm32f1xx_hal_rcc.o             1'266
    stm32f1xx_hal_spi.o             1'664
    stm32f1xx_hal_tim.o               928
    stm32f1xx_hal_tim_ex.o            104
    stm32f1xx_hal_uart.o              256
    -------------------------------------------------------
    Total:                          5'386                12

D:\PDF\Prog\MyMQTTPoject\EWARM\ProjectW5500\Obj\Middlewares\FreeRTOS: [5]
    cmsis_os2.o                       588             1'724
    heap_4.o                          424             3'096
    list.o                            146
    port.o                            428        1       12
    portasm.o                         136
    queue.o                         1'420                64
    tasks.o                         1'892             1'276
    timers.o                          988               300
    -------------------------------------------------------
    Total:                          6'022        1    6'472

dl7M_tlf.a: [6]
    XShttio.o                           8        1        8
    exit.o                              4
    low_level_init.o                    4
    strncmp.o                          40
    -------------------------------------------------------
    Total:                             56        1        8

m7M_tl.a: [7]
    -------------------------------------------------------
    Total:

rt7M_tl.a: [8]
    ABImemcpy_small.o                  24
    ABImemset48.o                      58
    ABImemset_small.o                  18
    cexit.o                            10
    cmain.o                            30
    cstartup_M.o                       28
    data_init.o                        40
    memset.o                           20
    packbits_init_single.o             58
    strlen_small.o                     20
    zero_init3.o                       56
    -------------------------------------------------------
    Total:                            362

shb_l.a: [9]
    exit.o                             20
    iarttio.o                          44
    -------------------------------------------------------
    Total:                             64

    Gaps                                8                 3
    Linker created                              32    1'024
-----------------------------------------------------------
    Grand Total:                   22'980      504   13'768


*******************************************************************************
*** ENTRY LIST
***

Entry                       Address   Size  Type      Object
-----                       -------   ----  ----      ------
.iar.init_table$$Base    0x800'5998          --   Gb  - Linker created -
.iar.init_table$$Limit   0x800'59b8          --   Gb  - Linker created -
?main                    0x800'59b9         Code  Gb  cmain.o [8]
AHBPrescTable            0x800'5a20   0x10  Data  Gb  system_stm32f1xx.o [3]
APBPrescTable            0x800'5a64    0x8  Data  Gb  system_stm32f1xx.o [3]
BusFault_Handler         0x800'5877    0x2  Code  Gb  stm32f1xx_it.o [2]
CSTACK$$Base            0x2000'31c8          --   Gb  - Linker created -
CSTACK$$Limit           0x2000'35c8          --   Gb  - Linker created -
Callback_IPAssigned      0x800'48d5    0x8  Code  Gb  GlobalDefault.o [2]
Callback_IPConflict      0x800'48dd    0x2  Code  Gb  GlobalDefault.o [2]
ConnectNetwork           0x800'4ddd   0x30  Code  Gb  mqtt_interface.o [2]
DHCP_CHADDR             0x2000'0000    0x8  Data  Gb  dhcp.o [2]
DHCP_REAL_SIP           0x2000'000c    0x4  Data  Gb  dhcp.o [2]
DHCP_SIP                0x2000'0008    0x4  Data  Gb  dhcp.o [2]
DHCP_SOCKET             0x2000'001c    0x1  Data  Gb  dhcp.o [2]
DHCP_XID                0x2000'0034    0x4  Data  Gb  dhcp.o [2]
DHCP_allocated_dns      0x2000'31b0    0x4  Data  Gb  dhcp.o [2]
DHCP_allocated_gw       0x2000'0018    0x4  Data  Gb  dhcp.o [2]
DHCP_allocated_ip       0x2000'0014    0x4  Data  Gb  dhcp.o [2]
DHCP_allocated_sn       0x2000'31ac    0x4  Data  Gb  dhcp.o [2]
DHCP_init                0x800'0b01   0x90  Code  Gb  dhcp.o [2]
DHCP_run                 0x800'093d  0x10c  Code  Gb  dhcp.o [2]
DMA1_Channel4_IRQHandler
                         0x800'587d    0x6  Code  Gb  stm32f1xx_it.o [2]
DMA1_Channel5_IRQHandler
                         0x800'5883    0x6  Code  Gb  stm32f1xx_it.o [2]
DNS_MSGID               0x2000'31a2    0x2  Data  Gb  dns.o [2]
DNS_SOCKET              0x2000'31a0    0x1  Data  Gb  dns.o [2]
DNS_init                 0x800'4d09    0xe  Code  Gb  dns.o [2]
DebugMon_Handler         0x800'587b    0x2  Code  Gb  stm32f1xx_it.o [2]
Error_Handler            0x800'3c8d    0x4  Code  Gb  main.o [2]
HAL_DMA_IRQHandler       0x800'3839  0x156  Code  Gb  stm32f1xx_hal_dma.o [4]
HAL_DMA_Init             0x800'37d5   0x64  Code  Gb  stm32f1xx_hal_dma.o [4]
HAL_GPIO_Init            0x800'3ca1  0x19c  Code  Gb  stm32f1xx_hal_gpio.o [4]
HAL_GPIO_WritePin        0x800'3e3d    0x8  Code  Gb  stm32f1xx_hal_gpio.o [4]
HAL_GetTick              0x800'3731    0xc  Code  Wk  stm32f1xx_hal.o [4]
HAL_IncTick              0x800'4a71   0x10  Code  Wk  stm32f1xx_hal.o [4]
HAL_Init                 0x800'3e79   0x20  Code  Gb  stm32f1xx_hal.o [4]
HAL_InitTick             0x800'4a81   0x86  Code  Gb  stm32f1xx_hal_timebase_tim.o [2]
HAL_MspInit              0x800'3569   0x44  Code  Gb  stm32f1xx_hal_msp.o [2]
HAL_NVIC_EnableIRQ       0x800'37ab   0x16  Code  Gb  stm32f1xx_hal_cortex.o [4]
HAL_NVIC_SetPriority     0x800'3771   0x3a  Code  Gb  stm32f1xx_hal_cortex.o [4]
HAL_NVIC_SetPriorityGrouping
                         0x800'3757   0x1a  Code  Gb  stm32f1xx_hal_cortex.o [4]
HAL_RCC_ClockConfig      0x800'46ad   0xf4  Code  Gb  stm32f1xx_hal_rcc.o [4]
HAL_RCC_GetClockConfig   0x800'4813   0x36  Code  Gb  stm32f1xx_hal_rcc.o [4]
HAL_RCC_GetPCLK1Freq     0x800'47ef   0x10  Code  Gb  stm32f1xx_hal_rcc.o [4]
HAL_RCC_GetPCLK2Freq     0x800'47ff    0xe  Code  Gb  stm32f1xx_hal_rcc.o [4]
HAL_RCC_GetSysClockFreq
                         0x800'47b5   0x3a  Code  Gb  stm32f1xx_hal_rcc.o [4]
HAL_RCC_GetSysClockFreq::aPLLMULFactorTable
                         0x800'4878   0x10  Data  Lc  stm32f1xx_hal_rcc.o [4]
HAL_RCC_GetSysClockFreq::aPredivFactorTable
                         0x800'4888    0x2  Data  Lc  stm32f1xx_hal_rcc.o [4]
HAL_RCC_OscConfig        0x800'4399  0x30c  Code  Gb  stm32f1xx_hal_rcc.o [4]
HAL_SPI_Init             0x800'2ee9   0xaa  Code  Gb  stm32f1xx_hal_spi.o [4]
HAL_SPI_MspInit          0x800'35ad   0xaa  Code  Gb  stm32f1xx_hal_msp.o [2]
HAL_SPI_Receive          0x800'30d5  0x146  Code  Gb  stm32f1xx_hal_spi.o [4]
HAL_SPI_Transmit         0x800'2f93  0x142  Code  Gb  stm32f1xx_hal_spi.o [4]
HAL_SPI_TransmitReceive
                         0x800'3223  0x1b2  Code  Gb  stm32f1xx_hal_spi.o [4]
HAL_TIMEx_BreakCallback
                         0x800'4b21    0x2  Code  Wk  stm32f1xx_hal_tim_ex.o [4]
HAL_TIMEx_CommutCallback
                         0x800'4b25    0x2  Code  Wk  stm32f1xx_hal_tim_ex.o [4]
HAL_TIMEx_MasterConfigSynchronization
                         0x800'4335   0x56  Code  Gb  stm32f1xx_hal_tim_ex.o [4]
HAL_TIM_Base_Init        0x800'3f9d   0x1a  Code  Gb  stm32f1xx_hal_tim.o [4]
HAL_TIM_Base_MspInit     0x800'365f   0x34  Code  Gb  stm32f1xx_hal_msp.o [2]
HAL_TIM_Base_Start_IT    0x800'3fb7   0x56  Code  Gb  stm32f1xx_hal_tim.o [4]
HAL_TIM_ConfigClockSource
                         0x800'4191   0xaa  Code  Gb  stm32f1xx_hal_tim.o [4]
HAL_TIM_IRQHandler       0x800'4049  0x142  Code  Gb  stm32f1xx_hal_tim.o [4]
HAL_TIM_PeriodElapsedCallback
                         0x800'3c53    0xe  Code  Gb  main.o [2]
HAL_UART_Init            0x800'3e9d   0x1e  Code  Gb  stm32f1xx_hal_uart.o [4]
HAL_UART_MspInit         0x800'3693   0x58  Code  Gb  stm32f1xx_hal_msp.o [2]
HOST_NAME               0x2000'0020    0x8  Data  Gb  dhcp.o [2]
HardFault_Handler        0x800'5873    0x2  Code  Gb  stm32f1xx_it.o [2]
Idle_Stack              0x2000'26ec  0x200  Data  Lc  cmsis_os2.o [5]
Idle_TCB                0x2000'2690   0x5c  Data  Lc  cmsis_os2.o [5]
Initialization           0x800'48df   0x94  Code  Gb  GlobalDefault.o [2]
InitializationDone      0x2000'0049    0x1  Data  Gb  GlobalDefault.o [2]
InitializationMQTTDone  0x2000'0870    0x1  Data  Gb  MQTTDrive.o [2]
KernelState             0x2000'31bc    0x4  Data  Lc  cmsis_os2.o [5]
MQTTClientInit           0x800'4e57   0x3a  Code  Gb  MQTTClient.o [2]
MQTTConnect              0x800'5129   0x9a  Code  Gb  MQTTClient.o [2]
MQTTDeserialize_ack      0x800'56d5   0x4c  Code  Gb  MQTTDeserializePublish.o [2]
MQTTDeserialize_connack
                         0x800'5569   0x62  Code  Gb  MQTTConnectClient.o [2]
MQTTDeserialize_publish
                         0x800'5639   0x9a  Code  Gb  MQTTDeserializePublish.o [2]
MQTTDriver               0x800'4a2b   0x1a  Code  Gb  MQTTDrive.o [2]
MQTTInit                 0x800'49a5   0x86  Code  Gb  MQTTDrive.o [2]
MQTTPacket_decode        0x800'520b   0x3a  Code  Gb  MQTTPacket.o [2]
MQTTPacket_decodeBuf     0x800'5283    0x8  Code  Gb  MQTTPacket.o [2]
MQTTPacket_encode        0x800'51e5   0x26  Code  Gb  MQTTPacket.o [2]
MQTTPacket_equals        0x800'537f   0x36  Code  Gb  MQTTPacket.o [2]
MQTTPacket_len           0x800'5245   0x22  Code  Gb  MQTTPacket.o [2]
MQTTSerialize_ack        0x800'5729   0x56  Code  Gb  MQTTSerializePublish.o [2]
MQTTSerialize_connect    0x800'5435  0x128  Code  Gb  MQTTConnectClient.o [2]
MQTTSerialize_connectLength
                         0x800'53b9   0x7c  Code  Gb  MQTTConnectClient.o [2]
MQTTSerialize_pingreq    0x800'560f    0x4  Code  Gb  MQTTConnectClient.o [2]
MQTTSerialize_zero       0x800'55cd   0x42  Code  Gb  MQTTConnectClient.o [2]
MQTTTaskBuffer          0x2000'2aec  0x200  Data  Gb  main.o [2]
MQTTTaskControlBlock    0x2000'2fbc   0x5c  Data  Gb  main.o [2]
MQTTTaskHandle          0x2000'2ebc    0x4  Data  Gb  main.o [2]
MQTTTask_attributes      0x800'58e0   0x24  Data  Gb  main.o [2]
MQTTstrlen               0x800'5371    0xe  Code  Gb  MQTTPacket.o [2]
MainTaskBuffer          0x2000'28ec  0x200  Data  Gb  main.o [2]
MainTaskControlBlock    0x2000'2f60   0x5c  Data  Gb  main.o [2]
MainTaskHandle          0x2000'2eb8    0x4  Data  Gb  main.o [2]
MainTask_attributes      0x800'58bc   0x24  Data  Gb  main.o [2]
MemManage_Handler        0x800'5875    0x2  Code  Gb  stm32f1xx_it.o [2]
MilliTimer              0x2000'31c0    0x4  Data  Gb  mqtt_interface.o [2]
NMI_Handler              0x800'5871    0x2  Code  Gb  stm32f1xx_it.o [2]
NewNetwork               0x800'4d65   0x16  Code  Gb  mqtt_interface.o [2]
NibbleToHex              0x800'0c09   0x10  Code  Gb  dhcp.o [2]
OLD_allocated_ip        0x2000'0010    0x4  Data  Gb  dhcp.o [2]
PendSV_Handler           0x800'28bd         Code  Gb  portasm.o [5]
Region$$Table$$Base      0x800'5998          --   Gb  - Linker created -
Region$$Table$$Limit     0x800'59b8          --   Gb  - Linker created -
SPI_EndRxTransaction     0x800'34f7   0x4a  Code  Lc  stm32f1xx_hal_spi.o [4]
SPI_EndRxTxTransaction   0x800'3541   0x18  Code  Lc  stm32f1xx_hal_spi.o [4]
SPI_WaitFlagStateUntilTimeout
                         0x800'3437   0xb4  Code  Lc  stm32f1xx_hal_spi.o [4]
SVC_Handler              0x800'2903         Code  Gb  portasm.o [5]
StartMQTTTask            0x800'3c3d   0x14  Code  Gb  main.o [2]
StartMainTask            0x800'3c25   0x16  Code  Gb  main.o [2]
SysTick_Handler          0x800'21fd   0x1c  Code  Gb  port.o [5]
SystemClock_Config       0x800'3bbb   0x62  Code  Gb  main.o [2]
SystemCoreClock         0x2000'1184    0x4  Data  Gb  system_stm32f1xx.o [3]
SystemInit               0x800'5a1d    0x2  Code  Gb  system_stm32f1xx.o [3]
TIM1_UP_IRQHandler       0x800'5889   0x18  Code  Gb  stm32f1xx_it.o [2]
TIM4_IRQHandler          0x800'58a1    0x6  Code  Gb  stm32f1xx_it.o [2]
TIM_Base_SetConfig       0x800'4255   0x5e  Code  Gb  stm32f1xx_hal_tim.o [4]
TIM_ETR_SetConfig        0x800'431b   0x14  Code  Gb  stm32f1xx_hal_tim.o [4]
TIM_ITRx_SetConfig       0x800'430b   0x10  Code  Lc  stm32f1xx_hal_tim.o [4]
TIM_TI1_ConfigInputStage
                         0x800'42c9   0x1e  Code  Lc  stm32f1xx_hal_tim.o [4]
TIM_TI2_ConfigInputStage
                         0x800'42e7   0x24  Code  Lc  stm32f1xx_hal_tim.o [4]
Timer1secCallback        0x800'3c51    0x2  Code  Gb  main.o [2]
Timer1secControlBlock   0x2000'3170   0x30  Data  Gb  main.o [2]
Timer1secHandle         0x2000'2ec0    0x4  Data  Gb  main.o [2]
Timer1sec_attributes     0x800'3c90   0x10  Data  Gb  main.o [2]
TimerCallback            0x800'23d3   0x16  Code  Lc  cmsis_os2.o [5]
TimerCountdown           0x800'4d39   0x12  Code  Gb  mqtt_interface.o [2]
TimerCountdownMS         0x800'4d2f    0xa  Code  Gb  mqtt_interface.o [2]
TimerInit                0x800'4d1d    0x6  Code  Gb  mqtt_interface.o [2]
TimerIsExpired           0x800'4d23    0xc  Code  Gb  mqtt_interface.o [2]
TimerLeftMS              0x800'4d4b   0x12  Code  Gb  mqtt_interface.o [2]
Timer_Stack             0x2000'2290  0x400  Data  Lc  cmsis_os2.o [5]
Timer_TCB               0x2000'2234   0x5c  Data  Lc  cmsis_os2.o [5]
UART_SetConfig           0x800'3f1b   0x78  Code  Lc  stm32f1xx_hal_uart.o [4]
UsageFault_Handler       0x800'5879    0x2  Code  Gb  stm32f1xx_it.o [2]
W5500_ReadBuff           0x800'489d    0xe  Code  Gb  GlobalDefault.o [2]
W5500_ReadByte           0x800'48b9   0x10  Code  Gb  GlobalDefault.o [2]
W5500_Select             0x800'488d    0x4  Code  Gb  GlobalDefault.o [2]
W5500_Unselect           0x800'4891    0x2  Code  Gb  GlobalDefault.o [2]
W5500_WriteBuff          0x800'48ab    0xe  Code  Gb  GlobalDefault.o [2]
W5500_WriteByte          0x800'48c9    0xc  Code  Gb  GlobalDefault.o [2]
WIZCHIP                 0x2000'1188   0x2c  Data  Gb  wizchip_conf.o [2]
WIZCHIP_READ             0x800'0c2d   0x56  Code  Gb  w5500.o [2]
WIZCHIP_READ_BUF         0x800'0cd9   0x66  Code  Gb  w5500.o [2]
WIZCHIP_WRITE            0x800'0c83   0x56  Code  Gb  w5500.o [2]
WIZCHIP_WRITE_BUF        0x800'0d3f   0x5e  Code  Gb  w5500.o [2]
_DHCP_                  0x2000'31b8    0x1  Data  Lc  wizchip_conf.o [2]
_DNS_                   0x2000'31b4    0x4  Data  Lc  wizchip_conf.o [2]
__NVIC_SetPriority       0x800'373d   0x1a  Code  Lc  stm32f1xx_hal_cortex.o [4]
__aeabi_memset4          0x800'201d         Code  Gb  ABImemset48.o [8]
__aeabi_memset8          0x800'201d         Code  Gb  ABImemset48.o [8]
__cmain                  0x800'59b9         Code  Gb  cmain.o [8]
__exit                   0x800'59ed   0x14  Code  Gb  exit.o [9]
__iar_Memset4_word       0x800'2025         Code  Gb  ABImemset48.o [8]
__iar_Memset8_word       0x800'2025         Code  Gb  ABImemset48.o [8]
__iar_close_ttio         0x800'593d   0x2c  Code  Gb  iarttio.o [9]
__iar_data_init3         0x800'5971   0x28  Code  Gb  data_init.o [8]
__iar_lookup_ttioh       0x800'5969    0x8  Code  Gb  XShttio.o [6]
__iar_packbits_init_single3
                         0x800'16d7   0x3a  Code  Gb  packbits_init_single.o [8]
__iar_program_start      0x800'5a01         Code  Gb  cstartup_M.o [8]
__iar_small_Memcpy       0x800'2ed5         Code  Gb  ABImemcpy_small.o [8]
__iar_small_Memset       0x800'16c5         Code  Gb  ABImemset_small.o [8]
__iar_small_Memset_word
                         0x800'16c5         Code  Gb  ABImemset_small.o [8]
__iar_small_memcpy       0x800'2ed1         Code  Gb  ABImemcpy_small.o [8]
__iar_small_memcpy4      0x800'2ed1         Code  Gb  ABImemcpy_small.o [8]
__iar_small_memcpy8      0x800'2ed1         Code  Gb  ABImemcpy_small.o [8]
__iar_small_memset       0x800'16c5         Code  Gb  ABImemset_small.o [8]
__iar_small_strlen       0x800'5785         Code  Gb  strlen_small.o [8]
__iar_ttio_handles      0x2000'11b4    0x8  Data  Lc  XShttio.o [6]
__iar_zero_init3         0x800'5905   0x38  Code  Gb  zero_init3.o [8]
__low_level_init         0x800'59d7    0x4  Code  Gb  low_level_init.o [6]
__vector_table           0x800'0000         Data  Gb  startup_stm32f103xb.o [1]
_call_main               0x800'59c5         Code  Gb  cmain.o [8]
_exit                    0x800'59e1         Code  Gb  cexit.o [8]
buf                     0x2000'08e4   0x64  Data  Gb  MQTTDrive.o [2]
bufchar                  0x800'5267   0x1c  Code  Gb  MQTTPacket.o [2]
bufptr                  0x2000'31c4    0x4  Data  Lc  MQTTPacket.o [2]
c                       0x2000'0888   0x5c  Data  Gb  MQTTDrive.o [2]
check_DHCP_leasedIP      0x800'0aad   0x54  Code  Gb  dhcp.o [2]
check_DHCP_timeout       0x800'0a49   0x64  Code  Gb  dhcp.o [2]
close                    0x800'0fd5   0x5c  Code  Gb  socket.o [2]
connect                  0x800'1031   0xd6  Code  Gb  socket.o [2]
cycle                    0x800'4f81  0x16c  Code  Gb  MQTTClient.o [2]
default_ip_assign        0x800'00ed   0x34  Code  Gb  dhcp.o [2]
default_ip_conflict      0x800'0137   0x10  Code  Gb  dhcp.o [2]
default_ip_update        0x800'0121   0x16  Code  Gb  dhcp.o [2]
deliverMessage           0x800'4e91   0xa6  Code  Gb  MQTTClient.o [2]
dhcp_buffer             0x2000'006c  0x400  Data  Gb  GlobalDefault.o [2]
dhcp_ip_assign          0x2000'003c    0x4  Data  Gb  dhcp.o [2]
dhcp_ip_conflict        0x2000'0044    0x4  Data  Gb  dhcp.o [2]
dhcp_ip_update          0x2000'0040    0x4  Data  Gb  dhcp.o [2]
dhcp_lease_time         0x2000'0028    0x4  Data  Gb  dhcp.o [2]
dhcp_retry_count        0x2000'001e    0x1  Data  Gb  dhcp.o [2]
dhcp_state              0x2000'001d    0x1  Data  Gb  dhcp.o [2]
dhcp_tick_1s            0x2000'002c    0x4  Data  Gb  dhcp.o [2]
dhcp_tick_next          0x2000'0030    0x4  Data  Gb  dhcp.o [2]
disconnect               0x800'110f   0x62  Code  Gb  socket.o [2]
dns                     0x2000'086c    0x4  Data  Gb  GlobalDefault.o [2]
dns_1s_tick             0x2000'31a8    0x4  Data  Gb  dns.o [2]
dns_buffer              0x2000'046c  0x400  Data  Gb  GlobalDefault.o [2]
exit                     0x800'59db    0x4  Code  Gb  exit.o [6]
getDNSfromDHCP           0x800'0bdb   0x14  Code  Gb  dhcp.o [2]
getGWfromDHCP            0x800'0bb3   0x14  Code  Gb  dhcp.o [2]
getIPfromDHCP            0x800'0b9f   0x14  Code  Gb  dhcp.o [2]
getSNfromDHCP            0x800'0bc7   0x14  Code  Gb  dhcp.o [2]
getSn_RX_RSR             0x800'0dbd    0xe  Code  Gb  w5500.o [2]
getSn_TX_FSR             0x800'0dad   0x10  Code  Gb  w5500.o [2]
hdma_spi2_rx            0x2000'30a8   0x44  Data  Gb  main.o [2]
hdma_spi2_tx            0x2000'30ec   0x44  Data  Gb  main.o [2]
hspi2                   0x2000'2e18   0x58  Data  Gb  main.o [2]
htim1                   0x2000'3018   0x48  Data  Gb  main.o [2]
htim4                   0x2000'3060   0x48  Data  Gb  stm32f1xx_hal_timebase_tim.o [2]
huart1                  0x2000'2e70   0x48  Data  Gb  main.o [2]
ip_assigned             0x2000'0048    0x1  Data  Gb  GlobalDefault.o [2]
keepalive                0x800'4f37   0x4a  Code  Gb  MQTTClient.o [2]
main                     0x800'39b5  0x1fc  Code  Gb  main.o [2]
makeDHCPMSG              0x800'0185  0x112  Code  Gb  dhcp.o [2]
memset                   0x800'16b1   0x14  Code  Gb  memset.o [8]
n                       0x2000'0874   0x10  Data  Gb  MQTTDrive.o [2]
net_info                0x2000'0054   0x18  Data  Gb  GlobalDefault.o [2]
osDelay                  0x800'23a5   0x2e  Code  Gb  cmsis_os2.o [5]
osKernelInitialize       0x800'226d   0x2c  Code  Gb  cmsis_os2.o [5]
osKernelStart            0x800'22a1   0x36  Code  Gb  cmsis_os2.o [5]
osThreadNew              0x800'22e3   0xb2  Code  Gb  cmsis_os2.o [5]
osTimerNew               0x800'23e9   0x7a  Code  Gb  cmsis_os2.o [5]
pDHCPMSG                0x2000'0038    0x4  Data  Gb  dhcp.o [2]
pDNSMSG                 0x2000'31a4    0x4  Data  Gb  dns.o [2]
parseDHCPMSG             0x800'0799  0x1a2  Code  Gb  dhcp.o [2]
prvAddCurrentTaskToDelayedList
                         0x800'1e09   0x4e  Code  Lc  tasks.o [5]
prvAddNewTaskToReadyList
                         0x800'185b   0xb0  Code  Lc  tasks.o [5]
prvCheckForValidListAndQueue
                         0x800'2815   0x4e  Code  Lc  timers.o [5]
prvCheckForValidListAndQueue{1}{2}{3}{4}::ucStaticTimerQueueStorage
                        0x2000'2d78   0xa0  Data  Lc  timers.o [5]
prvCheckForValidListAndQueue{1}{2}{3}{4}::xStaticTimerQueue
                        0x2000'2d28   0x50  Data  Lc  timers.o [5]
prvCopyDataFromQueue     0x800'2dbb   0x28  Code  Lc  queue.o [5]
prvCopyDataToQueue       0x800'2d53   0x68  Code  Lc  queue.o [5]
prvDeleteTCB             0x800'1d09   0x2e  Code  Lc  tasks.o [5]
prvIdleTask              0x800'1cc9   0x40  Code  Lc  tasks.o [5]
prvInitialiseNewQueue    0x800'2a1d   0x20  Code  Lc  queue.o [5]
prvInitialiseNewTask     0x800'17cd   0x8e  Code  Lc  tasks.o [5]
prvInitialiseNewTimer    0x800'257f   0x3a  Code  Lc  timers.o [5]
prvInsertBlockIntoFreeList
                         0x800'1fcf   0x46  Code  Lc  heap_4.o [5]
prvInsertTimerInActiveList
                         0x800'27e1   0x34  Code  Lc  timers.o [5]
prvIsQueueEmpty          0x800'2e4b   0x16  Code  Lc  queue.o [5]
prvResetNextTaskUnblockTime
                         0x800'1d37   0x1a  Code  Lc  tasks.o [5]
prvSampleTimeNow         0x800'275d   0x74  Code  Lc  timers.o [5]
prvSampleTimeNow::xLastTime
                        0x2000'2cfc    0x4  Data  Lc  timers.o [5]
prvTaskExitError         0x800'2109   0x1c  Code  Lc  port.o [5]
prvTimerTask             0x800'2609  0x154  Code  Lc  timers.o [5]
prvUnlockQueue           0x800'2de3   0x68  Code  Lc  queue.o [5]
pvPortMalloc             0x800'1e75   0xfe  Code  Gb  heap_4.o [5]
pvTimerGetTimerID        0x800'2863   0x12  Code  Gb  timers.o [5]
pxCurrentTCB            0x2000'2eec    0x4  Data  Gb  tasks.o [5]
pxCurrentTimerList      0x2000'2cec    0x4  Data  Lc  timers.o [5]
pxDelayedTaskList       0x2000'2ef0    0x4  Data  Lc  tasks.o [5]
pxEnd                   0x2000'11c4    0x4  Data  Lc  heap_4.o [5]
pxOverflowDelayedTaskList
                        0x2000'2ef4    0x4  Data  Lc  tasks.o [5]
pxOverflowTimerList     0x2000'2cf0    0x4  Data  Lc  timers.o [5]
pxPortInitialiseStack    0x800'20e9   0x20  Code  Gb  port.o [5]
pxReadyTasksLists       0x2000'1dd4  0x460  Data  Lc  tasks.o [5]
rc                      0x2000'0884    0x4  Data  Gb  MQTTDrive.o [2]
readChar                 0x800'52ab    0xc  Code  Gb  MQTTPacket.o [2]
readInt                  0x800'5299   0x12  Code  Gb  MQTTPacket.o [2]
readMQTTLenString        0x800'533f   0x32  Code  Gb  MQTTPacket.o [2]
recv                     0x800'1299   0xbc  Code  Gb  socket.o [2]
recvfrom                 0x800'14bd  0x1c2  Code  Gb  socket.o [2]
reg_dhcp_cbfunc          0x800'0159   0x2c  Code  Gb  dhcp.o [2]
reg_wizchip_cs_cbfunc    0x800'4b43   0x1a  Code  Gb  wizchip_conf.o [2]
reg_wizchip_spi_cbfunc   0x800'4b5d   0x14  Code  Gb  wizchip_conf.o [2]
reg_wizchip_spiburst_cbfunc
                         0x800'4b77   0x1a  Code  Gb  wizchip_conf.o [2]
reset_DHCP_timeout       0x800'0b91    0xe  Code  Gb  dhcp.o [2]
retry_count             0x2000'31a1    0x1  Data  Lc  dns.o [2]
rx_tx_buff_sizes        0x2000'004c    0x8  Data  Gb  GlobalDefault.o [2]
send                     0x800'1183  0x10e  Code  Gb  socket.o [2]
sendPacket               0x800'4e0d   0x4a  Code  Lc  MQTTClient.o [2]
send_DHCP_DECLINE        0x800'0689  0x110  Code  Gb  dhcp.o [2]
send_DHCP_DISCOVER       0x800'02a1  0x15a  Code  Gb  dhcp.o [2]
send_DHCP_REQUEST        0x800'042b  0x21a  Code  Gb  dhcp.o [2]
sendto                   0x800'1371  0x12c  Code  Gb  socket.o [2]
sock_any_port           0x2000'1160    0x2  Data  Lc  socket.o [2]
sock_io_mode            0x2000'1162    0x2  Data  Lc  socket.o [2]
sock_is_sending         0x2000'1164    0x2  Data  Lc  socket.o [2]
sock_pack_info          0x2000'1158    0x8  Data  Gb  socket.o [2]
sock_remained_size      0x2000'1168   0x10  Data  Lc  socket.o [2]
socket                   0x800'0ed5  0x100  Code  Gb  socket.o [2]
strncmp                  0x800'5799   0x28  Code  Gb  strncmp.o [6]
targetIP                0x2000'0948    0x4  Data  Gb  MQTTDrive.o [2]
tempBuffer              0x2000'094c  0x800  Data  Gb  MQTTDrive.o [2]
ucHeap                  0x2000'11d4  0xc00  Data  Lc  heap_4.o [5]
ucMaxSysCallPriority    0x2000'114c    0x1  Data  Lc  port.o [5]
ulMaxPRIGROUPValue      0x2000'1154    0x4  Data  Lc  port.o [5]
uwTick                  0x2000'117c    0x4  Data  Gb  stm32f1xx_hal.o [4]
uwTickFreq              0x2000'1178    0x1  Data  Gb  stm32f1xx_hal.o [4]
uwTickPrio              0x2000'1180    0x4  Data  Gb  stm32f1xx_hal.o [4]
uxCriticalNesting       0x2000'1150    0x4  Data  Lc  port.o [5]
uxCurrentNumberOfTasks  0x2000'2f10    0x4  Data  Lc  tasks.o [5]
uxDeletedTasksWaitingCleanUp
                        0x2000'2ef8    0x4  Data  Lc  tasks.o [5]
uxListRemove             0x800'20c3   0x26  Code  Gb  list.o [5]
uxPendedTicks           0x2000'2f20    0x4  Data  Lc  tasks.o [5]
uxSchedulerSuspended    0x2000'2f34    0x4  Data  Lc  tasks.o [5]
uxTaskNumber            0x2000'2f2c    0x4  Data  Lc  tasks.o [5]
uxTopReadyPriority      0x2000'2f18    0x4  Data  Lc  tasks.o [5]
vApplicationGetIdleTaskMemory
                         0x800'2487   0x10  Code  Gb  cmsis_os2.o [5]
vApplicationGetTimerTaskMemory
                         0x800'2497   0x12  Code  Gb  cmsis_os2.o [5]
vListInitialise          0x800'2057   0x1a  Code  Gb  list.o [5]
vListInitialiseItem      0x800'2071    0x6  Code  Gb  list.o [5]
vListInsert              0x800'2091   0x32  Code  Gb  list.o [5]
vListInsertEnd           0x800'2077   0x1a  Code  Gb  list.o [5]
vPortEnterCritical       0x800'21a9   0x32  Code  Gb  port.o [5]
vPortExitCritical        0x800'21db   0x22  Code  Gb  port.o [5]
vPortFree                0x800'1f81   0x4e  Code  Gb  heap_4.o [5]
vPortStartFirstTask      0x800'2923         Code  Gb  portasm.o [5]
vPortValidateInterruptPriority
                         0x800'2219   0x3c  Code  Gb  port.o [5]
vQueueAddToRegistry      0x800'2e61   0x20  Code  Gb  queue.o [5]
vQueueWaitForMessageRestricted
                         0x800'2e89   0x48  Code  Gb  queue.o [5]
vTaskDelay               0x800'190b   0x2e  Code  Gb  tasks.o [5]
vTaskInternalSetTimeOutState
                         0x800'1c4b    0xe  Code  Gb  tasks.o [5]
vTaskMissedYield         0x800'1cbf    0xa  Code  Gb  tasks.o [5]
vTaskPlaceOnEventList    0x800'1b7f   0x20  Code  Gb  tasks.o [5]
vTaskPlaceOnEventListRestricted
                         0x800'1bb7   0x2a  Code  Gb  tasks.o [5]
vTaskStartScheduler      0x800'193f   0x6e  Code  Gb  tasks.o [5]
vTaskSuspendAll          0x800'19ad    0xc  Code  Gb  tasks.o [5]
vTaskSwitchContext       0x800'1b27   0x50  Code  Gb  tasks.o [5]
w5x00_disconnect         0x800'4dd5    0x8  Code  Gb  mqtt_interface.o [2]
w5x00_read               0x800'4d7d   0x28  Code  Gb  mqtt_interface.o [2]
w5x00_write              0x800'4da5   0x1e  Code  Gb  mqtt_interface.o [2]
waitfor                  0x800'5103   0x26  Code  Gb  MQTTClient.o [2]
wiz_recv_data            0x800'0e41   0x34  Code  Gb  w5500.o [2]
wiz_recv_ignore          0x800'0e9b   0x3a  Code  Gb  w5500.o [2]
wiz_send_data            0x800'0dff   0x34  Code  Gb  w5500.o [2]
wizchip_bus_readdata     0x800'4b31    0x4  Code  Gb  wizchip_conf.o [2]
wizchip_bus_writedata    0x800'4b35    0x4  Code  Gb  wizchip_conf.o [2]
wizchip_cris_enter       0x800'4b29    0x2  Code  Gb  wizchip_conf.o [2]
wizchip_cris_exit        0x800'4b2b    0x2  Code  Gb  wizchip_conf.o [2]
wizchip_cs_deselect      0x800'4b2f    0x2  Code  Gb  wizchip_conf.o [2]
wizchip_cs_select        0x800'4b2d    0x2  Code  Gb  wizchip_conf.o [2]
wizchip_init             0x800'4c17   0x6e  Code  Gb  wizchip_conf.o [2]
wizchip_setnetinfo       0x800'4c85   0x3e  Code  Gb  wizchip_conf.o [2]
wizchip_spi_readburst    0x800'4b3f    0x2  Code  Gb  wizchip_conf.o [2]
wizchip_spi_readbyte     0x800'4b39    0x4  Code  Gb  wizchip_conf.o [2]
wizchip_spi_writeburst   0x800'4b41    0x2  Code  Gb  wizchip_conf.o [2]
wizchip_spi_writebyte    0x800'4b3d    0x2  Code  Gb  wizchip_conf.o [2]
wizchip_sw_reset         0x800'4ba1   0x76  Code  Gb  wizchip_conf.o [2]
writeCString             0x800'52e1   0x28  Code  Gb  MQTTPacket.o [2]
writeChar                0x800'52b7    0xc  Code  Gb  MQTTPacket.o [2]
writeInt                 0x800'52c3   0x1e  Code  Gb  MQTTPacket.o [2]
writeMQTTString          0x800'5309   0x36  Code  Gb  MQTTPacket.o [2]
xActiveTimerList1       0x2000'2d00   0x14  Data  Lc  timers.o [5]
xActiveTimerList2       0x2000'2d14   0x14  Data  Lc  timers.o [5]
xBlockAllocatedBit      0x2000'11d0    0x4  Data  Lc  heap_4.o [5]
xDelayedTaskList1       0x2000'2f38   0x14  Data  Lc  tasks.o [5]
xDelayedTaskList2       0x2000'2f4c   0x14  Data  Lc  tasks.o [5]
xFreeBytesRemaining     0x2000'11c8    0x4  Data  Lc  heap_4.o [5]
xMinimumEverFreeBytesRemaining
                        0x2000'11cc    0x4  Data  Lc  heap_4.o [5]
xNextTaskUnblockTime    0x2000'2f30    0x4  Data  Lc  tasks.o [5]
xNumOfOverflows         0x2000'2f28    0x4  Data  Lc  tasks.o [5]
xPendingReadyList       0x2000'2ec4   0x14  Data  Lc  tasks.o [5]
xPortStartScheduler      0x800'2125   0x74  Code  Gb  port.o [5]
xQueueGenericCreateStatic
                         0x800'29bd   0x60  Code  Gb  queue.o [5]
xQueueGenericReset       0x800'2945   0x78  Code  Gb  queue.o [5]
xQueueGenericSend        0x800'2a4d  0x126  Code  Gb  queue.o [5]
xQueueGenericSendFromISR
                         0x800'2b7b   0x8a  Code  Gb  queue.o [5]
xQueueReceive            0x800'2c19  0x104  Code  Gb  queue.o [5]
xQueueRegistry          0x2000'3130   0x40  Data  Gb  queue.o [5]
xSchedulerRunning       0x2000'2f1c    0x4  Data  Lc  tasks.o [5]
xStart                  0x2000'11bc    0x8  Data  Lc  heap_4.o [5]
xSuspendedTaskList      0x2000'2efc   0x14  Data  Lc  tasks.o [5]
xTaskCheckForTimeOut     0x800'1c59   0x66  Code  Gb  tasks.o [5]
xTaskCreate              0x800'1771   0x5c  Code  Gb  tasks.o [5]
xTaskCreateStatic        0x800'1711   0x60  Code  Gb  tasks.o [5]
xTaskGetSchedulerState   0x800'1d51   0x18  Code  Gb  tasks.o [5]
xTaskGetTickCount        0x800'1a61    0x8  Code  Gb  tasks.o [5]
xTaskIncrementTick       0x800'1a69   0xbe  Code  Gb  tasks.o [5]
xTaskPriorityDisinherit
                         0x800'1d6f   0x5a  Code  Gb  tasks.o [5]
xTaskRemoveFromEventList
                         0x800'1bed   0x4c  Code  Gb  tasks.o [5]
xTaskResumeAll           0x800'19b9   0x98  Code  Gb  tasks.o [5]
xTasksWaitingTermination
                        0x2000'2ed8   0x14  Data  Lc  tasks.o [5]
xTickCount              0x2000'2f14    0x4  Data  Lc  tasks.o [5]
xTimerCreate             0x800'250d   0x2e  Code  Gb  timers.o [5]
xTimerCreateStatic       0x800'2541   0x3e  Code  Gb  timers.o [5]
xTimerCreateTimerTask    0x800'24b9   0x54  Code  Gb  timers.o [5]
xTimerGenericCommand     0x800'25b9   0x4e  Code  Gb  timers.o [5]
xTimerQueue             0x2000'2cf4    0x4  Data  Lc  timers.o [5]
xTimerTaskHandle        0x2000'2cf8    0x4  Data  Lc  timers.o [5]
xYieldPending           0x2000'2f24    0x4  Data  Lc  tasks.o [5]


[1] = D:\PDF\Prog\MyMQTTPoject\EWARM\ProjectW5500\Obj\Application\EWARM
[2] = D:\PDF\Prog\MyMQTTPoject\EWARM\ProjectW5500\Obj\Application\User
[3] = D:\PDF\Prog\MyMQTTPoject\EWARM\ProjectW5500\Obj\Drivers\CMSIS
[4] = D:\PDF\Prog\MyMQTTPoject\EWARM\ProjectW5500\Obj\Drivers\STM32F1xx_HAL_Driver
[5] = D:\PDF\Prog\MyMQTTPoject\EWARM\ProjectW5500\Obj\Middlewares\FreeRTOS
[6] = dl7M_tlf.a
[7] = m7M_tl.a
[8] = rt7M_tl.a
[9] = shb_l.a

  22'980 bytes of readonly  code memory
     504 bytes of readonly  data memory
  13'768 bytes of readwrite data memory

Errors: none
Warnings: none
